Archive member included to satisfy reference by file (symbol)

c:/users/leo-computador/.silabs/slt/installs/conan/p/gcc-ab83b3403fdca6/p/bin/../lib/gcc/arm-none-eabi/12.2.1/thumb/v8-m.main+fp/hard\libgcc.a(_aeabi_ldivmod.o)
                              CMakeFiles/slc.dir/base/9a0a06fb4f7c4c9171add8fd6cdcb34b/v6_workspace/Question-2/simplicity_sdk_2025.12.2/platform_core/platform/emlib/src/em_eusart.c.obj (__aeabi_ldivmod)
c:/users/leo-computador/.silabs/slt/installs/conan/p/gcc-ab83b3403fdca6/p/bin/../lib/gcc/arm-none-eabi/12.2.1/thumb/v8-m.main+fp/hard\libgcc.a(_aeabi_uldivmod.o)
                              CMakeFiles/slc.dir/base/9a0a06fb4f7c4c9171add8fd6cdcb34b/v6_workspace/Question-2/simplicity_sdk_2025.12.2/platform_core/platform/emlib/src/em_eusart.c.obj (__aeabi_uldivmod)
c:/users/leo-computador/.silabs/slt/installs/conan/p/gcc-ab83b3403fdca6/p/bin/../lib/gcc/arm-none-eabi/12.2.1/thumb/v8-m.main+fp/hard\libgcc.a(_udivmoddi4.o)
                              c:/users/leo-computador/.silabs/slt/installs/conan/p/gcc-ab83b3403fdca6/p/bin/../lib/gcc/arm-none-eabi/12.2.1/thumb/v8-m.main+fp/hard\libgcc.a(_aeabi_ldivmod.o) (__udivmoddi4)
c:/users/leo-computador/.silabs/slt/installs/conan/p/gcc-ab83b3403fdca6/p/bin/../lib/gcc/arm-none-eabi/12.2.1/thumb/v8-m.main+fp/hard\libgcc.a(_dvmd_tls.o)
                              c:/users/leo-computador/.silabs/slt/installs/conan/p/gcc-ab83b3403fdca6/p/bin/../lib/gcc/arm-none-eabi/12.2.1/thumb/v8-m.main+fp/hard\libgcc.a(_aeabi_ldivmod.o) (__aeabi_ldiv0)
c:/users/leo-computador/.silabs/slt/installs/conan/p/gcc-ab83b3403fdca6/p/bin/../lib/gcc/arm-none-eabi/12.2.1/thumb/v8-m.main+fp/hard\libc_nano.a(libc_a-exit.o)
                              c:/users/leo-computador/.silabs/slt/installs/conan/p/gcc-ab83b3403fdca6/p/bin/../lib/gcc/arm-none-eabi/12.2.1/thumb/v8-m.main+fp/hard/crt0.o (exit)
c:/users/leo-computador/.silabs/slt/installs/conan/p/gcc-ab83b3403fdca6/p/bin/../lib/gcc/arm-none-eabi/12.2.1/thumb/v8-m.main+fp/hard\libc_nano.a(libc_a-ctype_.o)
                              CMakeFiles/slc.dir/base/9a0a06fb4f7c4c9171add8fd6cdcb34b/v6_workspace/Question-2/simplicity_sdk_2025.12.2/platform_common/platform/common/src/sl_string.c.obj (_ctype_)
c:/users/leo-computador/.silabs/slt/installs/conan/p/gcc-ab83b3403fdca6/p/bin/../lib/gcc/arm-none-eabi/12.2.1/thumb/v8-m.main+fp/hard\libc_nano.a(libc_a-findfp.o)
                              c:/users/leo-computador/.silabs/slt/installs/conan/p/gcc-ab83b3403fdca6/p/bin/../lib/gcc/arm-none-eabi/12.2.1/thumb/v8-m.main+fp/hard\libc_nano.a(libc_a-exit.o) (__stdio_exit_handler)
c:/users/leo-computador/.silabs/slt/installs/conan/p/gcc-ab83b3403fdca6/p/bin/../lib/gcc/arm-none-eabi/12.2.1/thumb/v8-m.main+fp/hard\libc_nano.a(libc_a-fwalk.o)
                              c:/users/leo-computador/.silabs/slt/installs/conan/p/gcc-ab83b3403fdca6/p/bin/../lib/gcc/arm-none-eabi/12.2.1/thumb/v8-m.main+fp/hard\libc_nano.a(libc_a-findfp.o) (_fwalk_sglue)
c:/users/leo-computador/.silabs/slt/installs/conan/p/gcc-ab83b3403fdca6/p/bin/../lib/gcc/arm-none-eabi/12.2.1/thumb/v8-m.main+fp/hard\libc_nano.a(libc_a-setvbuf.o)
                              CMakeFiles/slc.dir/base/c69d9f639ce9d356b71703bfa724d8a2/simplicity_sdk_2025.12.2/platform_core/platform/service/iostream/src/sl_iostream_stdlib_config.c.obj (setvbuf)
c:/users/leo-computador/.silabs/slt/installs/conan/p/gcc-ab83b3403fdca6/p/bin/../lib/gcc/arm-none-eabi/12.2.1/thumb/v8-m.main+fp/hard\libc_nano.a(libc_a-stdio.o)
                              c:/users/leo-computador/.silabs/slt/installs/conan/p/gcc-ab83b3403fdca6/p/bin/../lib/gcc/arm-none-eabi/12.2.1/thumb/v8-m.main+fp/hard\libc_nano.a(libc_a-findfp.o) (__sread)
c:/users/leo-computador/.silabs/slt/installs/conan/p/gcc-ab83b3403fdca6/p/bin/../lib/gcc/arm-none-eabi/12.2.1/thumb/v8-m.main+fp/hard\libc_nano.a(libc_a-vprintf.o)
                              CMakeFiles/slc.dir/base/1432d913ed7a5285c6148b5a778d1d13/Question-2/simplicity_sdk_2025.12.2/platform_core/platform/service/iostream/src/sl_iostream.c.obj (vprintf)
c:/users/leo-computador/.silabs/slt/installs/conan/p/gcc-ab83b3403fdca6/p/bin/../lib/gcc/arm-none-eabi/12.2.1/thumb/v8-m.main+fp/hard\libc_nano.a(libc_a-memset.o)
                              c:/users/leo-computador/.silabs/slt/installs/conan/p/gcc-ab83b3403fdca6/p/bin/../lib/gcc/arm-none-eabi/12.2.1/thumb/v8-m.main+fp/hard/crt0.o (memset)
c:/users/leo-computador/.silabs/slt/installs/conan/p/gcc-ab83b3403fdca6/p/bin/../lib/gcc/arm-none-eabi/12.2.1/thumb/v8-m.main+fp/hard\libc_nano.a(libc_a-closer.o)
                              c:/users/leo-computador/.silabs/slt/installs/conan/p/gcc-ab83b3403fdca6/p/bin/../lib/gcc/arm-none-eabi/12.2.1/thumb/v8-m.main+fp/hard\libc_nano.a(libc_a-stdio.o) (_close_r)
c:/users/leo-computador/.silabs/slt/installs/conan/p/gcc-ab83b3403fdca6/p/bin/../lib/gcc/arm-none-eabi/12.2.1/thumb/v8-m.main+fp/hard\libc_nano.a(libc_a-reent.o)
[...]
Memory Configuration

Name             Origin             Length             Attributes
FLASH            0x08000000         0x0017e000         xr
RAM              0x20000000         0x00040000         xrw
*default*        0x00000000         0xffffffff

Linker script and memory map

LOAD c:/users/leo-computador/.silabs/slt/installs/conan/p/gcc-ab83b3403fdca6/p/bin/../lib/gcc/arm-none-eabi/12.2.1/thumb/v8-m.main+fp/hard/crti.o
LOAD c:/users/leo-computador/.silabs/slt/installs/conan/p/gcc-ab83b3403fdca6/p/bin/../lib/gcc/arm-none-eabi/12.2.1/thumb/v8-m.main+fp/hard/crtbegin.o
LOAD c:/users/leo-computador/.silabs/slt/installs/conan/p/gcc-ab83b3403fdca6/p/bin/../lib/gcc/arm-none-eabi/12.2.1/thumb/v8-m.main+fp/hard/crt0.o
LOAD CMakeFiles/slc.dir/base/c887c691d7e669f24b6ca88b7522aede/hardware/driver/mx25_flash_shutdown/src/sl_mx25_flash_shutdown_eusart/sl_mx25_flash_shutdown.c.obj
LOAD CMakeFiles/slc.dir/base/1432d913ed7a5285c6148b5a778d1d13/Question-2/simplicity_sdk_2025.12.2/boards/hardware/board/src/sl_board_control_gpio.c.obj
LOAD CMakeFiles/slc.dir/base/9a0a06fb4f7c4c9171add8fd6cdcb34b/v6_workspace/Question-2/simplicity_sdk_2025.12.2/boards/hardware/board/src/sl_board_init.c.obj
LOAD CMakeFiles/slc.dir/base/c0330241cdea879fb6fe158a63e7e8e2/devices/platform/Device/SiliconLabs/EFR32MG24/Source/startup_efr32mg24.c.obj
LOAD CMakeFiles/slc.dir/base/c69d9f639ce9d356b71703bfa724d8a2/simplicity_sdk_2025.12.2/devices/platform/Device/SiliconLabs/EFR32MG24/Source/system_efr32mg24.c.obj
LOAD CMakeFiles/slc.dir/base/9a0a06fb4f7c4c9171add8fd6cdcb34b/v6_workspace/Question-2/simplicity_sdk_2025.12.2/platform_common/platform/common/src/sl_assert.c.obj
LOAD CMakeFiles/slc.dir/base/9a0a06fb4f7c4c9171add8fd6cdcb34b/v6_workspace/Question-2/simplicity_sdk_2025.12.2/platform_common/platform/common/src/sl_slist.c.obj
LOAD CMakeFiles/slc.dir/base/9a0a06fb4f7c4c9171add8fd6cdcb34b/v6_workspace/Question-2/simplicity_sdk_2025.12.2/platform_common/platform/common/src/sl_string.c.obj
LOAD CMakeFiles/slc.dir/base/1432d913ed7a5285c6148b5a778d1d13/Question-2/simplicity_sdk_2025.12.2/platform_common/platform/common/src/sl_syscalls.c.obj
LOAD CMakeFiles/slc.dir/base/1432d913ed7a5285c6148b5a778d1d13/Question-2/simplicity_sdk_2025.12.2/platform_common_apps/app/common/util/app_log/app_log.c.obj
LOAD CMakeFiles/slc.dir/base/c69d9f639ce9d356b71703bfa724d8a2/simplicity_sdk_2025.12.2/platform_core/hardware/driver/configuration_over_swo/src/sl_cos.c.obj
LOAD CMakeFiles/slc.dir/base/1432d913ed7a5285c6148b5a778d1d13/Question-2/simplicity_sdk_2025.12.2/platform_core/platform/common/src/sl_core_cortexm.c.obj
LOAD CMakeFiles/slc.dir/base/1432d913ed7a5285c6148b5a778d1d13/Question-2/simplicity_sdk_2025.12.2/platform_core/platform/driver/button/src/sl_button.c.obj
LOAD CMakeFiles/slc.dir/base/1432d913ed7a5285c6148b5a778d1d13/Question-2/simplicity_sdk_2025.12.2/platform_core/platform/driver/button/src/sl_simple_button.c.obj
LOAD CMakeFiles/slc.dir/base/1432d913ed7a5285c6148b5a778d1d13/Question-2/simplicity_sdk_2025.12.2/platform_core/platform/driver/debug/src/sl_debug_swo.c.obj
LOAD CMakeFiles/slc.dir/base/1432d913ed7a5285c6148b5a778d1d13/Question-2/simplicity_sdk_2025.12.2/platform_core/platform/driver/gpio/src/sl_gpio.c.obj
LOAD CMakeFiles/slc.dir/base/1432d913ed7a5285c6148b5a778d1d13/Question-2/simplicity_sdk_2025.12.2/platform_core/platform/driver/leddrv/src/sl_led.c.obj
LOAD CMakeFiles/slc.dir/base/1432d913ed7a5285c6148b5a778d1d13/Question-2/simplicity_sdk_2025.12.2/platform_core/platform/driver/leddrv/src/sl_simple_led.c.obj
LOAD CMakeFiles/slc.dir/base/1432d913ed7a5285c6148b5a778d1d13/Question-2/simplicity_sdk_2025.12.2/platform_core/platform/emdrv/dmadrv/src/dmadrv.c.obj
LOAD CMakeFiles/slc.dir/base/9a0a06fb4f7c4c9171add8fd6cdcb34b/v6_workspace/Question-2/simplicity_sdk_2025.12.2/platform_core/platform/emlib/src/em_burtc.c.obj
LOAD CMakeFiles/slc.dir/base/9a0a06fb4f7c4c9171add8fd6cdcb34b/v6_workspace/Question-2/simplicity_sdk_2025.12.2/platform_core/platform/emlib/src/em_cmu.c.obj
LOAD CMakeFiles/slc.dir/base/9a0a06fb4f7c4c9171add8fd6cdcb34b/v6_workspace/Question-2/simplicity_sdk_2025.12.2/platform_core/platform/emlib/src/em_emu.c.obj
LOAD CMakeFiles/slc.dir/base/9a0a06fb4f7c4c9171add8fd6cdcb34b/v6_workspace/Question-2/simplicity_sdk_2025.12.2/platform_core/platform/emlib/src/em_eusart.c.obj
LOAD CMakeFiles/slc.dir/base/9a0a06fb4f7c4c9171add8fd6cdcb34b/v6_workspace/Question-2/simplicity_sdk_2025.12.2/platform_core/platform/emlib/src/em_gpio.c.obj
LOAD CMakeFiles/slc.dir/base/9a0a06fb4f7c4c9171add8fd6cdcb34b/v6_workspace/Question-2/simplicity_sdk_2025.12.2/platform_core/platform/emlib/src/em_ldma.c.obj
LOAD CMakeFiles/slc.dir/base/9a0a06fb4f7c4c9171add8fd6cdcb34b/v6_workspace/Question-2/simplicity_sdk_2025.12.2/platform_core/platform/emlib/src/em_msc.c.obj
LOAD CMakeFiles/slc.dir/base/9a0a06fb4f7c4c9171add8fd6cdcb34b/v6_workspace/Question-2/simplicity_sdk_2025.12.2/platform_core/platform/emlib/src/em_prs.c.obj
LOAD CMakeFiles/slc.dir/base/9a0a06fb4f7c4c9171add8fd6cdcb34b/v6_workspace/Question-2/simplicity_sdk_2025.12.2/platform_core/platform/emlib/src/em_system.c.obj
LOAD CMakeFiles/slc.dir/base/9a0a06fb4f7c4c9171add8fd6cdcb34b/v6_workspace/Question-2/simplicity_sdk_2025.12.2/platform_core/platform/emlib/src/em_timer.c.obj
LOAD CMakeFiles/slc.dir/base/1432d913ed7a5285c6148b5a778d1d13/Question-2/simplicity_sdk_2025.12.2/platform_core/platform/peripheral/src/sl_hal_eusart.c.obj
LOAD CMakeFiles/slc.dir/base/1432d913ed7a5285c6148b5a778d1d13/Question-2/simplicity_sdk_2025.12.2/platform_core/platform/peripheral/src/sl_hal_gpio.c.obj
LOAD CMakeFiles/slc.dir/base/1432d913ed7a5285c6148b5a778d1d13/Question-2/simplicity_sdk_2025.12.2/platform_core/platform/peripheral/src/sl_hal_prs.c.obj
LOAD CMakeFiles/slc.dir/base/1432d913ed7a5285c6148b5a778d1d13/Question-2/simplicity_sdk_2025.12.2/platform_core/platform/peripheral/src/sl_hal_syscfg.c.obj
LOAD CMakeFiles/slc.dir/base/1432d913ed7a5285c6148b5a778d1d13/Question-2/simplicity_sdk_2025.12.2/platform_core/platform/peripheral/src/sl_hal_sysrtc.c.obj
LOAD CMakeFiles/slc.dir/base/c69d9f639ce9d356b71703bfa724d8a2/simplicity_sdk_2025.12.2/platform_core/platform/peripheral/src/sl_hal_sysrtc_subsystem.c.obj
LOAD CMakeFiles/slc.dir/base/1432d913ed7a5285c6148b5a778d1d13/Question-2/simplicity_sdk_2025.12.2/platform_core/platform/peripheral/src/sl_hal_system.c.obj
LOAD CMakeFiles/slc.dir/base/c69d9f639ce9d356b71703bfa724d8a2/simplicity_sdk_2025.12.2/platform_core/platform/service/clock_manager/src/sl_clock_manager.c.obj
LOAD CMakeFiles/slc.dir/base/c0330241cdea879fb6fe158a63e7e8e2/platform_core/platform/service/clock_manager/src/sl_clock_manager_hal_s2.c.obj
LOAD CMakeFiles/slc.dir/base/c0330241cdea879fb6fe158a63e7e8e2/platform_core/platform/service/clock_manager/src/sl_clock_manager_init.c.obj
LOAD CMakeFiles/slc.dir/base/c0330241cdea879fb6fe158a63e7e8e2/platform_core/platform/service/clock_manager/src/sl_clock_manager_init_hal_s2.c.obj
LOAD CMakeFiles/slc.dir/base/c69d9f639ce9d356b71703bfa724d8a2/simplicity_sdk_2025.12.2/platform_core/platform/service/device_init/src/sl_device_init_dcdc_s2.c.obj
LOAD CMakeFiles/slc.dir/base/c0330241cdea879fb6fe158a63e7e8e2/platform_core/platform/service/device_manager/clocks/sl_device_clock_efr32xg24.c.obj
LOAD CMakeFiles/slc.dir/base/c0330241cdea879fb6fe158a63e7e8e2/platform_core/platform/service/device_manager/devices/sl_device_peripheral_hal_efr32xg24.c.obj
LOAD CMakeFiles/slc.dir/base/c69d9f639ce9d356b71703bfa724d8a2/simplicity_sdk_2025.12.2/platform_core/platform/service/device_manager/dma/sl_device_dma_s2.c.obj
LOAD CMakeFiles/slc.dir/base/c69d9f639ce9d356b71703bfa724d8a2/simplicity_sdk_2025.12.2/platform_core/platform/service/device_manager/src/sl_device_clock.c.obj
LOAD CMakeFiles/slc.dir/base/c69d9f639ce9d356b71703bfa724d8a2/simplicity_sdk_2025.12.2/platform_core/platform/service/device_manager/src/sl_device_dma.c.obj
LOAD CMakeFiles/slc.dir/base/c69d9f639ce9d356b71703bfa724d8a2/simplicity_sdk_2025.12.2/platform_core/platform/service/device_manager/src/sl_device_gpio.c.obj
LOAD CMakeFiles/slc.dir/base/c0330241cdea879fb6fe158a63e7e8e2/platform_core/platform/service/device_manager/src/sl_device_peripheral.c.obj
LOAD CMakeFiles/slc.dir/base/c69d9f639ce9d356b71703bfa724d8a2/simplicity_sdk_2025.12.2/platform_core/platform/service/hfxo_manager/src/sl_hfxo_manager.c.obj
LOAD CMakeFiles/slc.dir/base/c0330241cdea879fb6fe158a63e7e8e2/platform_core/platform/service/hfxo_manager/src/sl_hfxo_manager_hal_s2.c.obj
LOAD CMakeFiles/slc.dir/base/c0330241cdea879fb6fe158a63e7e8e2/platform_core/platform/service/interrupt_manager/src/sl_interrupt_manager_cortexm.c.obj
LOAD CMakeFiles/slc.dir/base/1432d913ed7a5285c6148b5a778d1d13/Question-2/simplicity_sdk_2025.12.2/platform_core/platform/service/iostream/src/sl_iostream.c.obj
LOAD CMakeFiles/slc.dir/base/c69d9f639ce9d356b71703bfa724d8a2/simplicity_sdk_2025.12.2/platform_core/platform/service/iostream/src/sl_iostream_eusart.c.obj
LOAD CMakeFiles/slc.dir/base/c0330241cdea879fb6fe158a63e7e8e2/platform_core/platform/service/iostream/src/sl_iostream_retarget_stdio.c.obj
LOAD CMakeFiles/slc.dir/base/c69d9f639ce9d356b71703bfa724d8a2/simplicity_sdk_2025.12.2/platform_core/platform/service/iostream/src/sl_iostream_stdlib_config.c.obj
LOAD CMakeFiles/slc.dir/base/c69d9f639ce9d356b71703bfa724d8a2/simplicity_sdk_2025.12.2/platform_core/platform/service/iostream/src/sl_iostream_uart.c.obj
LOAD CMakeFiles/slc.dir/base/c0330241cdea879fb6fe158a63e7e8e2/platform_core/platform/service/memory_manager/src/sl_memory_manager_region.c.obj
LOAD CMakeFiles/slc.dir/base/c0330241cdea879fb6fe158a63e7e8e2/platform_core/platform/service/power_manager/src/common/sl_power_manager_common.c.obj
LOAD CMakeFiles/slc.dir/base/c0330241cdea879fb6fe158a63e7e8e2/platform_core/platform/service/power_manager/src/common/sl_power_manager_em4.c.obj
LOAD CMakeFiles/slc.dir/base/c0330241cdea879fb6fe158a63e7e8e2/platform_core/platform/service/power_manager/src/sleep_loop/sl_power_manager.c.obj
LOAD CMakeFiles/slc.dir/base/c0330241cdea879fb6fe158a63e7e8e2/platform_core/platform/service/power_manager/src/sleep_loop/sl_power_manager_debug.c.obj
LOAD CMakeFiles/slc.dir/base/c0330241cdea879fb6fe158a63e7e8e2/platform_core/platform/service/power_manager/src/sleep_loop/sl_power_manager_hal_s2.c.obj
LOAD CMakeFiles/slc.dir/base/1432d913ed7a5285c6148b5a778d1d13/Question-2/simplicity_sdk_2025.12.2/platform_core/platform/service/sl_main/src/sl_main_init.c.obj
LOAD CMakeFiles/slc.dir/base/c69d9f639ce9d356b71703bfa724d8a2/simplicity_sdk_2025.12.2/platform_core/platform/service/sl_main/src/sl_main_init_memory.c.obj
LOAD CMakeFiles/slc.dir/base/c69d9f639ce9d356b71703bfa724d8a2/simplicity_sdk_2025.12.2/platform_core/platform/service/sl_main/src/sl_main_process_action.c.obj
LOAD CMakeFiles/slc.dir/base/c69d9f639ce9d356b71703bfa724d8a2/simplicity_sdk_2025.12.2/platform_core/platform/service/sleeptimer/src/sl_sleeptimer.c.obj
LOAD CMakeFiles/slc.dir/base/c69d9f639ce9d356b71703bfa724d8a2/simplicity_sdk_2025.12.2/platform_core/platform/service/sleeptimer/src/sl_sleeptimer_hal_burtc.c.obj
LOAD CMakeFiles/slc.dir/base/c0330241cdea879fb6fe158a63e7e8e2/platform_core/platform/service/sleeptimer/src/sl_sleeptimer_hal_sysrtc.c.obj
LOAD CMakeFiles/slc.dir/base/c69d9f639ce9d356b71703bfa724d8a2/simplicity_sdk_2025.12.2/platform_core/platform/service/sleeptimer/src/sl_sleeptimer_hal_timer.c.obj
LOAD CMakeFiles/slc.dir/base/1432d913ed7a5285c6148b5a778d1d13/Question-2/simplicity_sdk_2025.12.2/platform_core/platform/service/udelay/src/sl_udelay.c.obj
LOAD CMakeFiles/slc.dir/base/c69d9f639ce9d356b71703bfa724d8a2/simplicity_sdk_2025.12.2/platform_core/platform/service/udelay/src/sl_udelay_armv6m_gcc.S.obj
LOAD CMakeFiles/slc.dir/base/C_/Users/leo-computador/SimplicityStudio/v6_workspace/Question-2/autogen/sl_board_default_init.c.obj
LOAD CMakeFiles/slc.dir/base/C_/Users/leo-computador/SimplicityStudio/v6_workspace/Question-2/autogen/sl_event_handler.c.obj
LOAD CMakeFiles/slc.dir/base/C_/Users/leo-computador/SimplicityStudio/v6_workspace/Question-2/autogen/sl_iostream_handles.c.obj
LOAD CMakeFiles/slc.dir/base/C_/Users/leo-computador/SimplicityStudio/v6_workspace/Question-2/autogen/sl_iostream_init_eusart_instances.c.obj
LOAD CMakeFiles/slc.dir/base/C_/Users/leo-computador/SimplicityStudio/v6_workspace/Question-2/autogen/sl_power_manager_handler.c.obj
LOAD CMakeFiles/slc.dir/base/C_/Users/leo-computador/SimplicityStudio/v6_workspace/Question-2/button_fsm.c.obj
LOAD CMakeFiles/slc.dir/base/C_/Users/leo-computador/SimplicityStudio/v6_workspace/Question-2/main.c.obj
START GROUP
LOAD c:/users/leo-computador/.silabs/slt/installs/conan/p/gcc-ab83b3403fdca6/p/bin/../lib/gcc/arm-none-eabi/12.2.1/thumb/v8-m.main+fp/hard\libgcc.a
LOAD c:/users/leo-computador/.silabs/slt/installs/conan/p/gcc-ab83b3403fdca6/p/bin/../lib/gcc/arm-none-eabi/12.2.1/thumb/v8-m.main+fp/hard\libc_nano.a
LOAD c:/users/leo-computador/.silabs/slt/installs/conan/p/gcc-ab83b3403fdca6/p/bin/../lib/gcc/arm-none-eabi/12.2.1/thumb/v8-m.main+fp/hard\libm.a
LOAD c:/users/leo-computador/.silabs/slt/installs/conan/p/gcc-ab83b3403fdca6/p/bin/../lib/gcc/arm-none-eabi/12.2.1/thumb/v8-m.main+fp/hard\libnosys.a
END GROUP
START GROUP
LOAD c:/users/leo-computador/.silabs/slt/installs/conan/p/gcc-ab83b3403fdca6/p/bin/../lib/gcc/arm-none-eabi/12.2.1/thumb/v8-m.main+fp/hard\libgcc.a
LOAD c:/users/leo-computador/.silabs/slt/installs/conan/p/gcc-ab83b3403fdca6/p/bin/../lib/gcc/arm-none-eabi/12.2.1/thumb/v8-m.main+fp/hard\libc_nano.a
END GROUP
START GROUP
LOAD c:/users/leo-computador/.silabs/slt/installs/conan/p/gcc-ab83b3403fdca6/p/bin/../lib/gcc/arm-none-eabi/12.2.1/thumb/v8-m.main+fp/hard\libgcc.a
LOAD c:/users/leo-computador/.silabs/slt/installs/conan/p/gcc-ab83b3403fdca6/p/bin/../lib/gcc/arm-none-eabi/12.2.1/thumb/v8-m.main+fp/hard\libc_nano.a
END GROUP
LOAD c:/users/leo-computador/.silabs/slt/installs/conan/p/gcc-ab83b3403fdca6/p/bin/../lib/gcc/arm-none-eabi/12.2.1/thumb/v8-m.main+fp/hard/crtend.o
LOAD c:/users/leo-computador/.silabs/slt/installs/conan/p/gcc-ab83b3403fdca6/p/bin/../lib/gcc/arm-none-eabi/12.2.1/thumb/v8-m.main+fp/hard/crtn.o

.vectors        0x08000000      0x170
                0x08000000                linker_vectors_begin = .
 *(.vectors)
 .vectors       0x08000000      0x170 CMakeFiles/slc.dir/base/c0330241cdea879fb6fe158a63e7e8e2/devices/platform/Device/SiliconLabs/EFR32MG24/Source/startup_efr32mg24.c.obj
                0x08000000                __Vectors
                0x08000170                linker_vectors_end = .
                0x08000170                __Vectors_End = .
                0x08000170                __Vectors_Size = (__Vectors_End - __Vectors)

.stack          0x20000000     0x1000
                0x20000000                . = ALIGN (0x8)
                0x20000000                __StackLimit = .
 *(.stack*)
 .stack         0x20000000     0x1000 CMakeFiles/slc.dir/base/c0330241cdea879fb6fe158a63e7e8e2/platform_core/platform/service/memory_manager/src/sl_memory_manager_region.c.obj
                0x20001000                . = ALIGN (0x4)
                0x20001000                __StackTop = .
                0x20001000                PROVIDE (__stack = __StackTop)

.bss            0x20001000      0x58c
                0x20001000                . = ALIGN (0x4)
                0x20001000                __bss_start__ = .
 *(SORT_BY_ALIGNMENT(.bss*))
 .bss.object.0  0x20001000       0x18 c:/users/leo-computador/.silabs/slt/installs/conan/p/gcc-ab83b3403fdca6/p/bin/../lib/gcc/arm-none-eabi/12.2.1/thumb/v8-m.main+fp/hard/crtbegin.o
 .bss.app_log_iostream
                0x20001018        0x4 CMakeFiles/slc.dir/base/1432d913ed7a5285c6148b5a778d1d13/Question-2/simplicity_sdk_2025.12.2/platform_common_apps/app/common/util/app_log/app_log.c.obj
                0x20001018                app_log_iostream
 .bss.gpio_interrupts
                0x2000101c       0xf0 CMakeFiles/slc.dir/base/1432d913ed7a5285c6148b5a778d1d13/Question-2/simplicity_sdk_2025.12.2/platform_core/platform/driver/gpio/src/sl_gpio.c.obj
 .bss.dmaXfer   0x2000110c      0x100 CMakeFiles/slc.dir/base/1432d913ed7a5285c6148b5a778d1d13/Question-2/simplicity_sdk_2025.12.2/platform_core/platform/emdrv/dmadrv/src/dmadrv.c.obj
 .bss.chTable   0x2000120c       0x80 CMakeFiles/slc.dir/base/1432d913ed7a5285c6148b5a778d1d13/Question-2/simplicity_sdk_2025.12.2/platform_core/platform/emdrv/dmadrv/src/dmadrv.c.obj
 .bss.hfxo_startup_time_tc_initial
                0x2000128c        0x4 CMakeFiles/slc.dir/base/c69d9f639ce9d356b71703bfa724d8a2/simplicity_sdk_2025.12.2/platform_core/platform/service/hfxo_manager/src/sl_hfxo_manager.c.obj
 .bss.hfxo_startup_time_sum_average
                0x20001290        0x4 CMakeFiles/slc.dir/base/c69d9f639ce9d356b71703bfa724d8a2/simplicity_sdk_2025.12.2/platform_core/platform/service/hfxo_manager/src/sl_hfxo_manager.c.obj
 .bss.hfxo_startup_time_table
                0x20001294       0x28 CMakeFiles/slc.dir/base/c69d9f639ce9d356b71703bfa724d8a2/simplicity_sdk_2025.12.2/platform_core/platform/service/hfxo_manager/src/sl_hfxo_manager.c.obj
 .bss.hfxo_last_startup_time
                0x200012bc        0x4 CMakeFiles/slc.dir/base/c69d9f639ce9d356b71703bfa724d8a2/simplicity_sdk_2025.12.2/platform_core/platform/service/hfxo_manager/src/sl_hfxo_manager.c.obj
 .bss.hfxo_startup_time_tick
                0x200012c0        0x4 CMakeFiles/slc.dir/base/c69d9f639ce9d356b71703bfa724d8a2/simplicity_sdk_2025.12.2/platform_core/platform/service/hfxo_manager/src/sl_hfxo_manager.c.obj
 .bss.sli_iostream_default
                0x200012c4        0x4 CMakeFiles/slc.dir/base/1432d913ed7a5285c6148b5a778d1d13/Question-2/simplicity_sdk_2025.12.2/platform_core/platform/service/iostream/src/sl_iostream.c.obj
 .bss.eusart_stream_list
                0x200012c8        0x4 CMakeFiles/slc.dir/base/c69d9f639ce9d356b71703bfa724d8a2/simplicity_sdk_2025.12.2/platform_core/platform/service/iostream/src/sl_iostream_eusart.c.obj
                0x200012c8                eusart_stream_list
 .bss.on_power_manager_event_handle
                0x200012cc        0x8 CMakeFiles/slc.dir/base/c69d9f639ce9d356b71703bfa724d8a2/simplicity_sdk_2025.12.2/platform_core/platform/service/iostream/src/sl_iostream_eusart.c.obj
 .bss.power_manager_em_transition_event_list
                0x200012d4        0x4 CMakeFiles/slc.dir/base/c0330241cdea879fb6fe158a63e7e8e2/platform_core/platform/service/power_manager/src/common/sl_power_manager_common.c.obj
 .bss.wakeup_time_config_overhead_tick
                0x200012d8        0x4 CMakeFiles/slc.dir/base/c0330241cdea879fb6fe158a63e7e8e2/platform_core/platform/service/power_manager/src/sleep_loop/sl_power_manager.c.obj
                0x200012d8                wakeup_time_config_overhead_tick
 .bss.process_wakeup_overhead_tick
                0x200012dc        0x4 CMakeFiles/slc.dir/base/c0330241cdea879fb6fe158a63e7e8e2/platform_core/platform/service/power_manager/src/sleep_loop/sl_power_manager_hal_s2.c.obj
 .bss.cmu_sys_clock_register
                0x200012e0        0x4 CMakeFiles/slc.dir/base/c0330241cdea879fb6fe158a63e7e8e2/platform_core/platform/service/power_manager/src/sleep_loop/sl_power_manager_hal_s2.c.obj
                0x200012e0                cmu_sys_clock_register
 .bss.cmu_em01_grpC_clock_register
                0x200012e4        0x4 CMakeFiles/slc.dir/base/c0330241cdea879fb6fe158a63e7e8e2/platform_core/platform/service/power_manager/src/sleep_loop/sl_power_manager_hal_s2.c.obj
                0x200012e4                cmu_em01_grpC_clock_register
 .bss.cmu_em01_grpA_clock_register
                0x200012e8        0x4 CMakeFiles/slc.dir/base/c0330241cdea879fb6fe158a63e7e8e2/platform_core/platform/service/power_manager/src/sleep_loop/sl_power_manager_hal_s2.c.obj
                0x200012e8                cmu_em01_grpA_clock_register
 .bss.max_millisecond_conversion
                0x200012ec        0x4 CMakeFiles/slc.dir/base/c69d9f639ce9d356b71703bfa724d8a2/simplicity_sdk_2025.12.2/platform_core/platform/service/sleeptimer/src/sl_sleeptimer.c.obj
 .bss.last_delta_update_count
                0x200012f0        0x4 CMakeFiles/slc.dir/base/c69d9f639ce9d356b71703bfa724d8a2/simplicity_sdk_2025.12.2/platform_core/platform/service/sleeptimer/src/sl_sleeptimer.c.obj
 .bss.timer_head
                0x200012f4        0x4 CMakeFiles/slc.dir/base/c69d9f639ce9d356b71703bfa724d8a2/simplicity_sdk_2025.12.2/platform_core/platform/service/sleeptimer/src/sl_sleeptimer.c.obj
 .bss.timer_frequency
                0x200012f8        0x4 CMakeFiles/slc.dir/base/c69d9f639ce9d356b71703bfa724d8a2/simplicity_sdk_2025.12.2/platform_core/platform/service/sleeptimer/src/sl_sleeptimer.c.obj
 .bss.overflow_counter
                0x200012fc        0x4 CMakeFiles/slc.dir/base/c69d9f639ce9d356b71703bfa724d8a2/simplicity_sdk_2025.12.2/platform_core/platform/service/sleeptimer/src/sl_sleeptimer.c.obj
 .bss.sl_iostream_recommended_console_stream
                0x20001300        0x4 CMakeFiles/slc.dir/base/C_/Users/leo-computador/SimplicityStudio/v6_workspace/Question-2/autogen/sl_iostream_handles.c.obj
                0x20001300                sl_iostream_recommended_console_stream
 .bss.context_vcom
                0x20001304       0xbc CMakeFiles/slc.dir/base/C_/Users/leo-computador/SimplicityStudio/v6_workspace/Question-2/autogen/sl_iostream_init_eusart_instances.c.obj
 .bss.sl_iostream_vcom
                0x200013c0       0x28 CMakeFiles/slc.dir/base/C_/Users/leo-computador/SimplicityStudio/v6_workspace/Question-2/autogen/sl_iostream_init_eusart_instances.c.obj
 .bss.events_handle
                0x200013e8        0x8 CMakeFiles/slc.dir/base/C_/Users/leo-computador/SimplicityStudio/v6_workspace/Question-2/autogen/sl_iostream_init_eusart_instances.c.obj
 .bss.button_debounce
                0x200013f0        0x8 CMakeFiles/slc.dir/base/C_/Users/leo-computador/SimplicityStudio/v6_workspace/Question-2/main.c.obj
 .bss.fsm       0x200013f8       0x10 CMakeFiles/slc.dir/base/C_/Users/leo-computador/SimplicityStudio/v6_workspace/Question-2/main.c.obj
 .bss.__sf      0x20001408      0x138 c:/users/leo-computador/.silabs/slt/installs/conan/p/gcc-ab83b3403fdca6/p/bin/../lib/gcc/arm-none-eabi/12.2.1/thumb/v8-m.main+fp/hard\libc_nano.a(libc_a-findfp.o)
                0x20001408                __sf
 .bss.__stdio_exit_handler
                0x20001540        0x4 c:/users/leo-computador/.silabs/slt/installs/conan/p/gcc-ab83b3403fdca6/p/bin/../lib/gcc/arm-none-eabi/12.2.1/thumb/v8-m.main+fp/hard\libc_nano.a(libc_a-findfp.o)
                0x20001540                __stdio_exit_handler
 .bss.errno     0x20001544        0x4 c:/users/leo-computador/.silabs/slt/installs/conan/p/gcc-ab83b3403fdca6/p/bin/../lib/gcc/arm-none-eabi/12.2.1/thumb/v8-m.main+fp/hard\libc_nano.a(libc_a-reent.o)
                0x20001544                errno
 .bss.__malloc_sbrk_start
                0x20001548        0x4 c:/users/leo-computador/.silabs/slt/installs/conan/p/gcc-ab83b3403fdca6/p/bin/../lib/gcc/arm-none-eabi/12.2.1/thumb/v8-m.main+fp/hard\libc_nano.a(libc_a-mallocr.o)
                0x20001548                __malloc_sbrk_start
 .bss.__malloc_free_list
                0x2000154c        0x4 c:/users/leo-computador/.silabs/slt/installs/conan/p/gcc-ab83b3403fdca6/p/bin/../lib/gcc/arm-none-eabi/12.2.1/thumb/v8-m.main+fp/hard\libc_nano.a(libc_a-mallocr.o)
                0x2000154c                __malloc_free_list
 .bss.completed.1
                0x20001550        0x1 c:/users/leo-computador/.silabs/slt/installs/conan/p/gcc-ab83b3403fdca6/p/bin/../lib/gcc/arm-none-eabi/12.2.1/thumb/v8-m.main+fp/hard/crtbegin.o
 .bss.initialized
                0x20001551        0x1 CMakeFiles/slc.dir/base/1432d913ed7a5285c6148b5a778d1d13/Question-2/simplicity_sdk_2025.12.2/platform_core/platform/emdrv/dmadrv/src/dmadrv.c.obj
 .bss.dali_rx_nb_packets
                0x20001552        0x2 CMakeFiles/slc.dir/base/9a0a06fb4f7c4c9171add8fd6cdcb34b/v6_workspace/Question-2/simplicity_sdk_2025.12.2/platform_core/platform/emlib/src/em_eusart.c.obj
 .bss.dali_tx_nb_packets
                0x20001554        0x2 CMakeFiles/slc.dir/base/9a0a06fb4f7c4c9171add8fd6cdcb34b/v6_workspace/Question-2/simplicity_sdk_2025.12.2/platform_core/platform/emlib/src/em_eusart.c.obj
 .bss.hfxo_measurement_on
                0x20001556        0x1 CMakeFiles/slc.dir/base/c69d9f639ce9d356b71703bfa724d8a2/simplicity_sdk_2025.12.2/platform_core/platform/service/hfxo_manager/src/sl_hfxo_manager.c.obj
 .bss.hfxo_startup_time_table_index
                0x20001557        0x1 CMakeFiles/slc.dir/base/c69d9f639ce9d356b71703bfa724d8a2/simplicity_sdk_2025.12.2/platform_core/platform/service/hfxo_manager/src/sl_hfxo_manager.c.obj
 .bss.error_flag
                0x20001558        0x1 CMakeFiles/slc.dir/base/c0330241cdea879fb6fe158a63e7e8e2/platform_core/platform/service/hfxo_manager/src/sl_hfxo_manager_hal_s2.c.obj
 .bss.null_byte
                0x20001559        0x1 CMakeFiles/slc.dir/base/c69d9f639ce9d356b71703bfa724d8a2/simplicity_sdk_2025.12.2/platform_core/platform/service/iostream/src/sl_iostream_uart.c.obj
 .bss.is_restored_from_hfxo_isr_internal
                0x2000155a        0x1 CMakeFiles/slc.dir/base/c0330241cdea879fb6fe158a63e7e8e2/platform_core/platform/service/power_manager/src/sleep_loop/sl_power_manager.c.obj
 .bss.is_restored_from_hfxo_isr
                0x2000155b        0x1 CMakeFiles/slc.dir/base/c0330241cdea879fb6fe158a63e7e8e2/platform_core/platform/service/power_manager/src/sleep_loop/sl_power_manager.c.obj
 .bss.is_actively_waiting_for_clock_restore
                0x2000155c        0x1 CMakeFiles/slc.dir/base/c0330241cdea879fb6fe158a63e7e8e2/platform_core/platform/service/power_manager/src/sleep_loop/sl_power_manager.c.obj
 .bss.is_hf_x_oscillator_not_preserved
                0x2000155d        0x1 CMakeFiles/slc.dir/base/c0330241cdea879fb6fe158a63e7e8e2/platform_core/platform/service/power_manager/src/sleep_loop/sl_power_manager.c.obj
 .bss.is_states_saved
                0x2000155e        0x1 CMakeFiles/slc.dir/base/c0330241cdea879fb6fe158a63e7e8e2/platform_core/platform/service/power_manager/src/sleep_loop/sl_power_manager.c.obj
 .bss.is_sleeping_waiting_for_clock_restore
                0x2000155f        0x1 CMakeFiles/slc.dir/base/c0330241cdea879fb6fe158a63e7e8e2/platform_core/platform/service/power_manager/src/sleep_loop/sl_power_manager.c.obj
 .bss.waiting_clock_restore_from_em
                0x20001560        0x1 CMakeFiles/slc.dir/base/c0330241cdea879fb6fe158a63e7e8e2/platform_core/platform/service/power_manager/src/sleep_loop/sl_power_manager.c.obj
 .bss.requirement_em1
                0x20001561        0x1 CMakeFiles/slc.dir/base/c0330241cdea879fb6fe158a63e7e8e2/platform_core/platform/service/power_manager/src/sleep_loop/sl_power_manager.c.obj
 .bss.current_em
                0x20001562        0x1 CMakeFiles/slc.dir/base/c0330241cdea879fb6fe158a63e7e8e2/platform_core/platform/service/power_manager/src/sleep_loop/sl_power_manager.c.obj
 .bss.is_hf_x_oscillator_already_started
                0x20001563        0x1 CMakeFiles/slc.dir/base/c0330241cdea879fb6fe158a63e7e8e2/platform_core/platform/service/power_manager/src/sleep_loop/sl_power_manager_hal_s2.c.obj
 .bss.is_dpll_used
                0x20001564        0x1 CMakeFiles/slc.dir/base/c0330241cdea879fb6fe158a63e7e8e2/platform_core/platform/service/power_manager/src/sleep_loop/sl_power_manager_hal_s2.c.obj
 .bss.is_hf_x_oscillator_used
                0x20001565        0x1 CMakeFiles/slc.dir/base/c0330241cdea879fb6fe158a63e7e8e2/platform_core/platform/service/power_manager/src/sleep_loop/sl_power_manager_hal_s2.c.obj
 .bss.sleep_on_isr_exit
                0x20001566        0x1 CMakeFiles/slc.dir/base/c69d9f639ce9d356b71703bfa724d8a2/simplicity_sdk_2025.12.2/platform_core/platform/service/sleeptimer/src/sl_sleeptimer.c.obj
 .bss.next_timer_to_expire_is_power_manager
                0x20001567        0x1 CMakeFiles/slc.dir/base/c69d9f639ce9d356b71703bfa724d8a2/simplicity_sdk_2025.12.2/platform_core/platform/service/sleeptimer/src/sl_sleeptimer.c.obj
 .bss.is_sleeptimer_initialized
                0x20001568        0x1 CMakeFiles/slc.dir/base/c69d9f639ce9d356b71703bfa724d8a2/simplicity_sdk_2025.12.2/platform_core/platform/service/sleeptimer/src/sl_sleeptimer.c.obj
 .bss.rx_buffer_vcom
                0x20001569       0x20 CMakeFiles/slc.dir/base/C_/Users/leo-computador/SimplicityStudio/v6_workspace/Question-2/autogen/sl_iostream_init_eusart_instances.c.obj
 .bss.__lock___malloc_recursive_mutex
                0x20001589        0x1 c:/users/leo-computador/.silabs/slt/installs/conan/p/gcc-ab83b3403fdca6/p/bin/../lib/gcc/arm-none-eabi/12.2.1/thumb/v8-m.main+fp/hard\libc_nano.a(libc_a-lock.o)
                0x20001589                __lock___malloc_recursive_mutex
 .bss.__lock___sfp_recursive_mutex
                0x2000158a        0x1 c:/users/leo-computador/.silabs/slt/installs/conan/p/gcc-ab83b3403fdca6/p/bin/../lib/gcc/arm-none-eabi/12.2.1/thumb/v8-m.main+fp/hard\libc_nano.a(libc_a-lock.o)
                0x2000158a                __lock___sfp_recursive_mutex
 *(COMMON)
                0x2000158c                . = ALIGN (0x4)
 *fill*         0x2000158b        0x1 
                0x2000158c                __bss_end__ = .

.noinit
 *(.noinit*)

text_application_ram
                0x2000158c        0x0 load address 0x08000170
                0x2000158c                . = ALIGN (0x4)
                0x2000158c                __vma_ramfuncs_start__ = .
 *(text_application_ram)
                0x2000158c                . = ALIGN (0x4)
                0x2000158c                __vma_ramfuncs_end__ = .
                0x08000170                __lma_ramfuncs_start__ = LOADADDR (text_application_ram)
                0x08000170                __lma_ramfuncs_end__ = (LOADADDR (text_application_ram) + SIZEOF (text_application_ram))

.rodata

.text           0x08000170     0x74d8
                0x08000170                linker_code_begin = .
 *(SORT_BY_ALIGNMENT(.text*))
 .text          0x08000170        0x8 CMakeFiles/slc.dir/base/c69d9f639ce9d356b71703bfa724d8a2/simplicity_sdk_2025.12.2/platform_core/platform/service/udelay/src/sl_udelay_armv6m_gcc.S.obj
                0x08000170                sli_delay_loop
 .text.deregister_tm_clones
                0x08000178       0x1c c:/users/leo-computador/.silabs/slt/installs/conan/p/gcc-ab83b3403fdca6/p/bin/../lib/gcc/arm-none-eabi/12.2.1/thumb/v8-m.main+fp/hard/crtbegin.o
 .text.register_tm_clones
                0x08000194       0x28 c:/users/leo-computador/.silabs/slt/installs/conan/p/gcc-ab83b3403fdca6/p/bin/../lib/gcc/arm-none-eabi/12.2.1/thumb/v8-m.main+fp/hard/crtbegin.o
 .text.__do_global_dtors_aux
                0x080001bc       0x28 c:/users/leo-computador/.silabs/slt/installs/conan/p/gcc-ab83b3403fdca6/p/bin/../lib/gcc/arm-none-eabi/12.2.1/thumb/v8-m.main+fp/hard/crtbegin.o
 .text.frame_dummy
                0x080001e4       0x24 c:/users/leo-computador/.silabs/slt/installs/conan/p/gcc-ab83b3403fdca6/p/bin/../lib/gcc/arm-none-eabi/12.2.1/thumb/v8-m.main+fp/hard/crtbegin.o
 .text          0x08000208       0x7c c:/users/leo-computador/.silabs/slt/installs/conan/p/gcc-ab83b3403fdca6/p/bin/../lib/gcc/arm-none-eabi/12.2.1/thumb/v8-m.main+fp/hard/crt0.o
                0x08000208                _stack_init
                0x08000210                _start
                0x08000210                _mainCRTStartup
 .text.sl_mx25_flash_shutdown
                0x08000284      0x19c CMakeFiles/slc.dir/base/c887c691d7e669f24b6ca88b7522aede/hardware/driver/mx25_flash_shutdown/src/sl_mx25_flash_shutdown_eusart/sl_mx25_flash_shutdown.c.obj
                0x08000284                sl_mx25_flash_shutdown
 .text.sl_board_init
                0x08000420       0x18 CMakeFiles/slc.dir/base/9a0a06fb4f7c4c9171add8fd6cdcb34b/v6_workspace/Question-2/simplicity_sdk_2025.12.2/boards/hardware/board/src/sl_board_init.c.obj
                0x08000420                sl_board_init
 .text.sl_board_preinit
                0x08000438        0xc CMakeFiles/slc.dir/base/9a0a06fb4f7c4c9171add8fd6cdcb34b/v6_workspace/Question-2/simplicity_sdk_2025.12.2/boards/hardware/board/src/sl_board_init.c.obj
                0x08000438                sl_board_preinit
 .text.CopyToRam
                0x08000444       0x1c CMakeFiles/slc.dir/base/c0330241cdea879fb6fe158a63e7e8e2/devices/platform/Device/SiliconLabs/EFR32MG24/Source/startup_efr32mg24.c.obj
                0x08000444                CopyToRam
 .text.Reset_Handler
                0x08000460       0x6c CMakeFiles/slc.dir/base/c0330241cdea879fb6fe158a63e7e8e2/devices/platform/Device/SiliconLabs/EFR32MG24/Source/startup_efr32mg24.c.obj
                0x08000460                Reset_Handler
 .text.SystemInit
                0x080004cc       0x64 CMakeFiles/slc.dir/base/c69d9f639ce9d356b71703bfa724d8a2/simplicity_sdk_2025.12.2/devices/platform/Device/SiliconLabs/EFR32MG24/Source/system_efr32mg24.c.obj
                0x080004cc                SystemInit
 .text.sl_slist_push
                0x08000530       0x20 CMakeFiles/slc.dir/base/9a0a06fb4f7c4c9171add8fd6cdcb34b/v6_workspace/Question-2/simplicity_sdk_2025.12.2/platform_common/platform/common/src/sl_slist.c.obj
                0x08000530                sl_slist_push
 .text.sl_slist_push_back
                0x08000550       0x24 CMakeFiles/slc.dir/base/9a0a06fb4f7c4c9171add8fd6cdcb34b/v6_workspace/Question-2/simplicity_sdk_2025.12.2/platform_common/platform/common/src/sl_slist.c.obj
                0x08000550                sl_slist_push_back
 .text.sl_slist_pop
                0x08000574       0x20 CMakeFiles/slc.dir/base/9a0a06fb4f7c4c9171add8fd6cdcb34b/v6_workspace/Question-2/simplicity_sdk_2025.12.2/platform_common/platform/common/src/sl_slist.c.obj
                0x08000574                sl_slist_pop
 .text.sl_slist_remove
                0x08000594       0x2c CMakeFiles/slc.dir/base/9a0a06fb4f7c4c9171add8fd6cdcb34b/v6_workspace/Question-2/simplicity_sdk_2025.12.2/platform_common/platform/common/src/sl_slist.c.obj
                0x08000594                sl_slist_remove
 .text.app_log_init
                0x080005c0       0x10 CMakeFiles/slc.dir/base/1432d913ed7a5285c6148b5a778d1d13/Question-2/simplicity_sdk_2025.12.2/platform_common_apps/app/common/util/app_log/app_log.c.obj
                0x080005c0                app_log_init
 .text.sl_debug_swo_init
                0x080005d0       0xcc CMakeFiles/slc.dir/base/1432d913ed7a5285c6148b5a778d1d13/Question-2/simplicity_sdk_2025.12.2/platform_core/platform/driver/debug/src/sl_debug_swo.c.obj
                0x080005d0                sl_debug_swo_init
 .text.sl_debug_swo_write_u8
                0x0800069c       0x44 CMakeFiles/slc.dir/base/1432d913ed7a5285c6148b5a778d1d13/Question-2/simplicity_sdk_2025.12.2/platform_core/platform/driver/debug/src/sl_debug_swo.c.obj
                0x0800069c                sl_debug_swo_write_u8
 .text.sl_gpio_dispatch_interrupt
                0x080006e0       0x54 CMakeFiles/slc.dir/base/1432d913ed7a5285c6148b5a778d1d13/Question-2/simplicity_sdk_2025.12.2/platform_core/platform/driver/gpio/src/sl_gpio.c.obj
 .text.sl_gpio_init
                0x08000734       0x38 CMakeFiles/slc.dir/base/1432d913ed7a5285c6148b5a778d1d13/Question-2/simplicity_sdk_2025.12.2/platform_core/platform/driver/gpio/src/sl_gpio.c.obj
                0x08000734                sl_gpio_init
 .text.sl_gpio_set_pin_mode
                0x0800076c       0x6c CMakeFiles/slc.dir/base/1432d913ed7a5285c6148b5a778d1d13/Question-2/simplicity_sdk_2025.12.2/platform_core/platform/driver/gpio/src/sl_gpio.c.obj
                0x0800076c                sl_gpio_set_pin_mode
 .text.sl_gpio_set_pin
                0x080007d8       0x4c CMakeFiles/slc.dir/base/1432d913ed7a5285c6148b5a778d1d13/Question-2/simplicity_sdk_2025.12.2/platform_core/platform/driver/gpio/src/sl_gpio.c.obj
                0x080007d8                sl_gpio_set_pin
 .text.sl_gpio_clear_pin
                0x08000824       0x4c CMakeFiles/slc.dir/base/1432d913ed7a5285c6148b5a778d1d13/Question-2/simplicity_sdk_2025.12.2/platform_core/platform/driver/gpio/src/sl_gpio.c.obj
                0x08000824                sl_gpio_clear_pin
 .text.GPIO_EVEN_IRQHandler
                0x08000870       0x20 CMakeFiles/slc.dir/base/1432d913ed7a5285c6148b5a778d1d13/Question-2/simplicity_sdk_2025.12.2/platform_core/platform/driver/gpio/src/sl_gpio.c.obj
                0x08000870                GPIO_EVEN_IRQHandler
 .text.GPIO_ODD_IRQHandler
                0x08000890       0x20 CMakeFiles/slc.dir/base/1432d913ed7a5285c6148b5a778d1d13/Question-2/simplicity_sdk_2025.12.2/platform_core/platform/driver/gpio/src/sl_gpio.c.obj
                0x08000890                GPIO_ODD_IRQHandler
 .text.StartTransfer
                0x080008b0      0x17c CMakeFiles/slc.dir/base/1432d913ed7a5285c6148b5a778d1d13/Question-2/simplicity_sdk_2025.12.2/platform_core/platform/emdrv/dmadrv/src/dmadrv.c.obj
 .text.DMADRV_AllocateChannel
                0x08000a2c       0x60 CMakeFiles/slc.dir/base/1432d913ed7a5285c6148b5a778d1d13/Question-2/simplicity_sdk_2025.12.2/platform_core/platform/emdrv/dmadrv/src/dmadrv.c.obj
                0x08000a2c                DMADRV_AllocateChannel
 .text.DMADRV_DeInit
                0x08000a8c       0x44 CMakeFiles/slc.dir/base/1432d913ed7a5285c6148b5a778d1d13/Question-2/simplicity_sdk_2025.12.2/platform_core/platform/emdrv/dmadrv/src/dmadrv.c.obj
                0x08000a8c                DMADRV_DeInit
 .text.DMADRV_FreeChannel
                0x08000ad0       0x4c CMakeFiles/slc.dir/base/1432d913ed7a5285c6148b5a778d1d13/Question-2/simplicity_sdk_2025.12.2/platform_core/platform/emdrv/dmadrv/src/dmadrv.c.obj
                0x08000ad0                DMADRV_FreeChannel
 .text.DMADRV_Init
                0x08000b1c       0x68 CMakeFiles/slc.dir/base/1432d913ed7a5285c6148b5a778d1d13/Question-2/simplicity_sdk_2025.12.2/platform_core/platform/emdrv/dmadrv/src/dmadrv.c.obj
                0x08000b1c                DMADRV_Init
 .text.DMADRV_LdmaStartTransfer
                0x08000b84       0x4c CMakeFiles/slc.dir/base/1432d913ed7a5285c6148b5a778d1d13/Question-2/simplicity_sdk_2025.12.2/platform_core/platform/emdrv/dmadrv/src/dmadrv.c.obj
                0x08000b84                DMADRV_LdmaStartTransfer
 .text.DMADRV_PauseTransfer
                0x08000bd0       0x40 CMakeFiles/slc.dir/base/1432d913ed7a5285c6148b5a778d1d13/Question-2/simplicity_sdk_2025.12.2/platform_core/platform/emdrv/dmadrv/src/dmadrv.c.obj
                0x08000bd0                DMADRV_PauseTransfer
 .text.DMADRV_ResumeTransfer
                0x08000c10       0x40 CMakeFiles/slc.dir/base/1432d913ed7a5285c6148b5a778d1d13/Question-2/simplicity_sdk_2025.12.2/platform_core/platform/emdrv/dmadrv/src/dmadrv.c.obj
                0x08000c10                DMADRV_ResumeTransfer
 .text.LDMA_IRQHandler
                0x08000c50       0x74 CMakeFiles/slc.dir/base/1432d913ed7a5285c6148b5a778d1d13/Question-2/simplicity_sdk_2025.12.2/platform_core/platform/emdrv/dmadrv/src/dmadrv.c.obj
                0x08000c50                LDMA_IRQHandler
 .text.dpllRefClkGet
                0x08000cc4       0x48 CMakeFiles/slc.dir/base/9a0a06fb4f7c4c9171add8fd6cdcb34b/v6_workspace/Question-2/simplicity_sdk_2025.12.2/platform_core/platform/emlib/src/em_cmu.c.obj
 .text.em23GrpaClkGet
                0x08000d0c       0x48 CMakeFiles/slc.dir/base/9a0a06fb4f7c4c9171add8fd6cdcb34b/v6_workspace/Question-2/simplicity_sdk_2025.12.2/platform_core/platform/emlib/src/em_cmu.c.obj
 .text.em4GrpaClkGet
                0x08000d54       0x48 CMakeFiles/slc.dir/base/9a0a06fb4f7c4c9171add8fd6cdcb34b/v6_workspace/Question-2/simplicity_sdk_2025.12.2/platform_core/platform/emlib/src/em_cmu.c.obj
 .text.sysrtcClkGet
                0x08000d9c       0x48 CMakeFiles/slc.dir/base/9a0a06fb4f7c4c9171add8fd6cdcb34b/v6_workspace/Question-2/simplicity_sdk_2025.12.2/platform_core/platform/emlib/src/em_cmu.c.obj
 .text.traceClkGet
                0x08000de4       0x54 CMakeFiles/slc.dir/base/9a0a06fb4f7c4c9171add8fd6cdcb34b/v6_workspace/Question-2/simplicity_sdk_2025.12.2/platform_core/platform/emlib/src/em_cmu.c.obj
 .text.em01GrpaClkGet
                0x08000e38       0x74 CMakeFiles/slc.dir/base/9a0a06fb4f7c4c9171add8fd6cdcb34b/v6_workspace/Question-2/simplicity_sdk_2025.12.2/platform_core/platform/emlib/src/em_cmu.c.obj
 .text.em01GrpcClkGet
                0x08000eac       0x70 CMakeFiles/slc.dir/base/9a0a06fb4f7c4c9171add8fd6cdcb34b/v6_workspace/Question-2/simplicity_sdk_2025.12.2/platform_core/platform/emlib/src/em_cmu.c.obj
 .text.eusart0ClkGet
                0x08000f1c       0x74 CMakeFiles/slc.dir/base/9a0a06fb4f7c4c9171add8fd6cdcb34b/v6_workspace/Question-2/simplicity_sdk_2025.12.2/platform_core/platform/emlib/src/em_cmu.c.obj
 .text.iadcClkGet
                0x08000f90       0x60 CMakeFiles/slc.dir/base/9a0a06fb4f7c4c9171add8fd6cdcb34b/v6_workspace/Question-2/simplicity_sdk_2025.12.2/platform_core/platform/emlib/src/em_cmu.c.obj
 .text.wdog0ClkGet
                0x08000ff0       0x64 CMakeFiles/slc.dir/base/9a0a06fb4f7c4c9171add8fd6cdcb34b/v6_workspace/Question-2/simplicity_sdk_2025.12.2/platform_core/platform/emlib/src/em_cmu.c.obj
 .text.wdog1ClkGet
                0x08001054       0x64 CMakeFiles/slc.dir/base/9a0a06fb4f7c4c9171add8fd6cdcb34b/v6_workspace/Question-2/simplicity_sdk_2025.12.2/platform_core/platform/emlib/src/em_cmu.c.obj
 .text.vdac0ClkGet
                0x080010b8       0x70 CMakeFiles/slc.dir/base/9a0a06fb4f7c4c9171add8fd6cdcb34b/v6_workspace/Question-2/simplicity_sdk_2025.12.2/platform_core/platform/emlib/src/em_cmu.c.obj
 .text.vdac1ClkGet
                0x08001128       0x70 CMakeFiles/slc.dir/base/9a0a06fb4f7c4c9171add8fd6cdcb34b/v6_workspace/Question-2/simplicity_sdk_2025.12.2/platform_core/platform/emlib/src/em_cmu.c.obj
 .text.pcnt0ClkGet
                0x08001198       0x4c CMakeFiles/slc.dir/base/9a0a06fb4f7c4c9171add8fd6cdcb34b/v6_workspace/Question-2/simplicity_sdk_2025.12.2/platform_core/platform/emlib/src/em_cmu.c.obj
 .text.CMU_ClockDivGet
                0x080011e4       0x78 CMakeFiles/slc.dir/base/9a0a06fb4f7c4c9171add8fd6cdcb34b/v6_workspace/Question-2/simplicity_sdk_2025.12.2/platform_core/platform/emlib/src/em_cmu.c.obj
                0x080011e4                CMU_ClockDivGet
 .text.CMU_ClockEnable
                0x0800125c       0x50 CMakeFiles/slc.dir/base/9a0a06fb4f7c4c9171add8fd6cdcb34b/v6_workspace/Question-2/simplicity_sdk_2025.12.2/platform_core/platform/emlib/src/em_cmu.c.obj
                0x0800125c                CMU_ClockEnable
 .text.CMU_ClockFreqGet
                0x080012ac      0x210 CMakeFiles/slc.dir/base/9a0a06fb4f7c4c9171add8fd6cdcb34b/v6_workspace/Question-2/simplicity_sdk_2025.12.2/platform_core/platform/emlib/src/em_cmu.c.obj
                0x080012ac                CMU_ClockFreqGet
 .text.CMU_ClockSelectGet
                0x080014bc      0x208 CMakeFiles/slc.dir/base/9a0a06fb4f7c4c9171add8fd6cdcb34b/v6_workspace/Question-2/simplicity_sdk_2025.12.2/platform_core/platform/emlib/src/em_cmu.c.obj
                0x080014bc                CMU_ClockSelectGet
 .text.EUSART_Reset
                0x080016c4       0x54 CMakeFiles/slc.dir/base/9a0a06fb4f7c4c9171add8fd6cdcb34b/v6_workspace/Question-2/simplicity_sdk_2025.12.2/platform_core/platform/emlib/src/em_eusart.c.obj
                0x080016c4                EUSART_Reset
 .text.EUSART_Enable
                0x08001718       0x6c CMakeFiles/slc.dir/base/9a0a06fb4f7c4c9171add8fd6cdcb34b/v6_workspace/Question-2/simplicity_sdk_2025.12.2/platform_core/platform/emlib/src/em_eusart.c.obj
                0x08001718                EUSART_Enable
 .text.EUSART_BaudrateSet
                0x08001784      0x1cc CMakeFiles/slc.dir/base/9a0a06fb4f7c4c9171add8fd6cdcb34b/v6_workspace/Question-2/simplicity_sdk_2025.12.2/platform_core/platform/emlib/src/em_eusart.c.obj
                0x08001784                EUSART_BaudrateSet
 .text.EUSART_AsyncInitCommon
                0x08001950      0x24c CMakeFiles/slc.dir/base/9a0a06fb4f7c4c9171add8fd6cdcb34b/v6_workspace/Question-2/simplicity_sdk_2025.12.2/platform_core/platform/emlib/src/em_eusart.c.obj
 .text.EUSART_UartInitHf
                0x08001b9c       0x5c CMakeFiles/slc.dir/base/9a0a06fb4f7c4c9171add8fd6cdcb34b/v6_workspace/Question-2/simplicity_sdk_2025.12.2/platform_core/platform/emlib/src/em_eusart.c.obj
                0x08001b9c                EUSART_UartInitHf
 .text.EUSART_UartInitLf
                0x08001bf8       0xb8 CMakeFiles/slc.dir/base/9a0a06fb4f7c4c9171add8fd6cdcb34b/v6_workspace/Question-2/simplicity_sdk_2025.12.2/platform_core/platform/emlib/src/em_eusart.c.obj
                0x08001bf8                EUSART_UartInitLf
 .text.GPIO_PinOutSet
                0x08001cb0       0x3c CMakeFiles/slc.dir/base/9a0a06fb4f7c4c9171add8fd6cdcb34b/v6_workspace/Question-2/simplicity_sdk_2025.12.2/platform_core/platform/emlib/src/em_gpio.c.obj
 .text.GPIO_PinOutClear
                0x08001cec       0x3c CMakeFiles/slc.dir/base/9a0a06fb4f7c4c9171add8fd6cdcb34b/v6_workspace/Question-2/simplicity_sdk_2025.12.2/platform_core/platform/emlib/src/em_gpio.c.obj
 .text.GPIO_PinModeSet
                0x08001d28       0x94 CMakeFiles/slc.dir/base/9a0a06fb4f7c4c9171add8fd6cdcb34b/v6_workspace/Question-2/simplicity_sdk_2025.12.2/platform_core/platform/emlib/src/em_gpio.c.obj
                0x08001d28                GPIO_PinModeSet
 .text.LDMA_DeInit
                0x08001dbc       0x2c CMakeFiles/slc.dir/base/9a0a06fb4f7c4c9171add8fd6cdcb34b/v6_workspace/Question-2/simplicity_sdk_2025.12.2/platform_core/platform/emlib/src/em_ldma.c.obj
                0x08001dbc                LDMA_DeInit
 .text.LDMA_EnableChannelRequest
                0x08001de8       0x40 CMakeFiles/slc.dir/base/9a0a06fb4f7c4c9171add8fd6cdcb34b/v6_workspace/Question-2/simplicity_sdk_2025.12.2/platform_core/platform/emlib/src/em_ldma.c.obj
                0x08001de8                LDMA_EnableChannelRequest
 .text.LDMA_Init
                0x08001e28       0x90 CMakeFiles/slc.dir/base/9a0a06fb4f7c4c9171add8fd6cdcb34b/v6_workspace/Question-2/simplicity_sdk_2025.12.2/platform_core/platform/emlib/src/em_ldma.c.obj
                0x08001e28                LDMA_Init
 .text.LDMA_StartTransfer
                0x08001eb8       0xf8 CMakeFiles/slc.dir/base/9a0a06fb4f7c4c9171add8fd6cdcb34b/v6_workspace/Question-2/simplicity_sdk_2025.12.2/platform_core/platform/emlib/src/em_ldma.c.obj
                0x08001eb8                LDMA_StartTransfer
 .text.LDMA_StopTransfer
                0x08001fb0       0x38 CMakeFiles/slc.dir/base/9a0a06fb4f7c4c9171add8fd6cdcb34b/v6_workspace/Question-2/simplicity_sdk_2025.12.2/platform_core/platform/emlib/src/em_ldma.c.obj
                0x08001fb0                LDMA_StopTransfer
 .text.LDMA_TransferDone
                0x08001fe8       0x44 CMakeFiles/slc.dir/base/9a0a06fb4f7c4c9171add8fd6cdcb34b/v6_workspace/Question-2/simplicity_sdk_2025.12.2/platform_core/platform/emlib/src/em_ldma.c.obj
                0x08001fe8                LDMA_TransferDone
 .text.LDMA_TransferRemainingCount
                0x0800202c       0x44 CMakeFiles/slc.dir/base/9a0a06fb4f7c4c9171add8fd6cdcb34b/v6_workspace/Question-2/simplicity_sdk_2025.12.2/platform_core/platform/emlib/src/em_ldma.c.obj
                0x0800202c                LDMA_TransferRemainingCount
 .text.PRS_ConvertToSyncSource
                0x08002070       0x5c CMakeFiles/slc.dir/base/9a0a06fb4f7c4c9171add8fd6cdcb34b/v6_workspace/Question-2/simplicity_sdk_2025.12.2/platform_core/platform/emlib/src/em_prs.c.obj
                0x08002070                PRS_ConvertToSyncSource
 .text.PRS_ConvertToSyncSignal
                0x080020cc       0x88 CMakeFiles/slc.dir/base/9a0a06fb4f7c4c9171add8fd6cdcb34b/v6_workspace/Question-2/simplicity_sdk_2025.12.2/platform_core/platform/emlib/src/em_prs.c.obj
                0x080020cc                PRS_ConvertToSyncSignal
 .text.PRS_ConnectSignal
                0x08002154       0x5c CMakeFiles/slc.dir/base/9a0a06fb4f7c4c9171add8fd6cdcb34b/v6_workspace/Question-2/simplicity_sdk_2025.12.2/platform_core/platform/emlib/src/em_prs.c.obj
                0x08002154                PRS_ConnectSignal
 .text.PRS_ConnectConsumer
                0x080021b0       0x38 CMakeFiles/slc.dir/base/9a0a06fb4f7c4c9171add8fd6cdcb34b/v6_workspace/Question-2/simplicity_sdk_2025.12.2/platform_core/platform/emlib/src/em_prs.c.obj
                0x080021b0                PRS_ConnectConsumer
 .text.sl_hal_eusart_wait_sync
                0x080021e8       0x38 CMakeFiles/slc.dir/base/1432d913ed7a5285c6148b5a778d1d13/Question-2/simplicity_sdk_2025.12.2/platform_core/platform/peripheral/src/sl_hal_eusart.c.obj
                0x080021e8                sl_hal_eusart_wait_sync
 .text.sl_hal_eusart_enable
                0x08002220       0x3c CMakeFiles/slc.dir/base/1432d913ed7a5285c6148b5a778d1d13/Question-2/simplicity_sdk_2025.12.2/platform_core/platform/peripheral/src/sl_hal_eusart.c.obj
                0x08002220                sl_hal_eusart_enable
 .text.sl_hal_eusart_disable
                0x0800225c       0x34 CMakeFiles/slc.dir/base/1432d913ed7a5285c6148b5a778d1d13/Question-2/simplicity_sdk_2025.12.2/platform_core/platform/peripheral/src/sl_hal_eusart.c.obj
                0x0800225c                sl_hal_eusart_disable
 .text.sl_hal_eusart_wait_ready
                0x08002290       0x30 CMakeFiles/slc.dir/base/1432d913ed7a5285c6148b5a778d1d13/Question-2/simplicity_sdk_2025.12.2/platform_core/platform/peripheral/src/sl_hal_eusart.c.obj
                0x08002290                sl_hal_eusart_wait_ready
 .text.sl_hal_eusart_enable_rx
                0x080022c0       0x3c CMakeFiles/slc.dir/base/1432d913ed7a5285c6148b5a778d1d13/Question-2/simplicity_sdk_2025.12.2/platform_core/platform/peripheral/src/sl_hal_eusart.c.obj
                0x080022c0                sl_hal_eusart_enable_rx
 .text.sl_hal_eusart_disable_rx
                0x080022fc       0x3c CMakeFiles/slc.dir/base/1432d913ed7a5285c6148b5a778d1d13/Question-2/simplicity_sdk_2025.12.2/platform_core/platform/peripheral/src/sl_hal_eusart.c.obj
                0x080022fc                sl_hal_eusart_disable_rx
 .text.sl_hal_eusart_enable_tx
                0x08002338       0x3c CMakeFiles/slc.dir/base/1432d913ed7a5285c6148b5a778d1d13/Question-2/simplicity_sdk_2025.12.2/platform_core/platform/peripheral/src/sl_hal_eusart.c.obj
                0x08002338                sl_hal_eusart_enable_tx
 .text.sl_hal_eusart_disable_tx
                0x08002374       0x3c CMakeFiles/slc.dir/base/1432d913ed7a5285c6148b5a778d1d13/Question-2/simplicity_sdk_2025.12.2/platform_core/platform/peripheral/src/sl_hal_eusart.c.obj
                0x08002374                sl_hal_eusart_disable_tx
 .text.sl_hal_eusart_clear_rx
                0x080023b0       0x44 CMakeFiles/slc.dir/base/1432d913ed7a5285c6148b5a778d1d13/Question-2/simplicity_sdk_2025.12.2/platform_core/platform/peripheral/src/sl_hal_eusart.c.obj
                0x080023b0                sl_hal_eusart_clear_rx
 .text.sl_hal_eusart_clear_tx
                0x080023f4       0x48 CMakeFiles/slc.dir/base/1432d913ed7a5285c6148b5a778d1d13/Question-2/simplicity_sdk_2025.12.2/platform_core/platform/peripheral/src/sl_hal_eusart.c.obj
                0x080023f4                sl_hal_eusart_clear_tx
 .text.sl_hal_eusart_reset
                0x0800243c       0xa0 CMakeFiles/slc.dir/base/1432d913ed7a5285c6148b5a778d1d13/Question-2/simplicity_sdk_2025.12.2/platform_core/platform/peripheral/src/sl_hal_eusart.c.obj
                0x0800243c                sl_hal_eusart_reset
 .text.sl_hal_eusart_init_spi
                0x080024dc      0x19c CMakeFiles/slc.dir/base/1432d913ed7a5285c6148b5a778d1d13/Question-2/simplicity_sdk_2025.12.2/platform_core/platform/peripheral/src/sl_hal_eusart.c.obj
                0x080024dc                sl_hal_eusart_init_spi
 .text.sl_hal_eusart_spi_tx_rx
                0x08002678       0x3c CMakeFiles/slc.dir/base/1432d913ed7a5285c6148b5a778d1d13/Question-2/simplicity_sdk_2025.12.2/platform_core/platform/peripheral/src/sl_hal_eusart.c.obj
                0x08002678                sl_hal_eusart_spi_tx_rx
 .text.sl_hal_eusart_spi_calculate_clock_div
                0x080026b4       0x38 CMakeFiles/slc.dir/base/1432d913ed7a5285c6148b5a778d1d13/Question-2/simplicity_sdk_2025.12.2/platform_core/platform/peripheral/src/sl_hal_eusart.c.obj
                0x080026b4                sl_hal_eusart_spi_calculate_clock_div
 .text.sl_hal_gpio_clear_pin
                0x080026ec       0x58 CMakeFiles/slc.dir/base/1432d913ed7a5285c6148b5a778d1d13/Question-2/simplicity_sdk_2025.12.2/platform_core/platform/peripheral/src/sl_hal_gpio.c.obj
                0x080026ec                sl_hal_gpio_clear_pin
 .text.sl_hal_gpio_get_enabled_pending_interrupts
                0x08002744       0x14 CMakeFiles/slc.dir/base/1432d913ed7a5285c6148b5a778d1d13/Question-2/simplicity_sdk_2025.12.2/platform_core/platform/peripheral/src/sl_hal_gpio.c.obj
                0x08002744                sl_hal_gpio_get_enabled_pending_interrupts
 .text.sl_hal_gpio_set_pin_mode
                0x08002758       0xd0 CMakeFiles/slc.dir/base/1432d913ed7a5285c6148b5a778d1d13/Question-2/simplicity_sdk_2025.12.2/platform_core/platform/peripheral/src/sl_hal_gpio.c.obj
                0x08002758                sl_hal_gpio_set_pin_mode
 .text.sl_hal_prs_connect_channel_consumer
                0x08002828       0x50 CMakeFiles/slc.dir/base/1432d913ed7a5285c6148b5a778d1d13/Question-2/simplicity_sdk_2025.12.2/platform_core/platform/peripheral/src/sl_hal_prs.c.obj
                0x08002828                sl_hal_prs_connect_channel_consumer
 .text.sl_hal_sysrtc_wait_ready
                0x08002878       0x1c CMakeFiles/slc.dir/base/1432d913ed7a5285c6148b5a778d1d13/Question-2/simplicity_sdk_2025.12.2/platform_core/platform/peripheral/src/sl_hal_sysrtc.c.obj
                0x08002878                sl_hal_sysrtc_wait_ready
 .text.sl_hal_sysrtc_stop
                0x08002894       0x24 CMakeFiles/slc.dir/base/1432d913ed7a5285c6148b5a778d1d13/Question-2/simplicity_sdk_2025.12.2/platform_core/platform/peripheral/src/sl_hal_sysrtc.c.obj
                0x08002894                sl_hal_sysrtc_stop
 .text.sl_hal_sysrtc_enable
                0x080028b8       0x18 CMakeFiles/slc.dir/base/1432d913ed7a5285c6148b5a778d1d13/Question-2/simplicity_sdk_2025.12.2/platform_core/platform/peripheral/src/sl_hal_sysrtc.c.obj
                0x080028b8                sl_hal_sysrtc_enable
 .text.sl_hal_sysrtc_disable
                0x080028d0       0x1c CMakeFiles/slc.dir/base/1432d913ed7a5285c6148b5a778d1d13/Question-2/simplicity_sdk_2025.12.2/platform_core/platform/peripheral/src/sl_hal_sysrtc.c.obj
                0x080028d0                sl_hal_sysrtc_disable
 .text.sl_hal_sysrtc_init
                0x080028ec       0x24 CMakeFiles/slc.dir/base/1432d913ed7a5285c6148b5a778d1d13/Question-2/simplicity_sdk_2025.12.2/platform_core/platform/peripheral/src/sl_hal_sysrtc.c.obj
                0x080028ec                sl_hal_sysrtc_init
 .text.sl_hal_sysrtc_init_group
                0x08002910       0x44 CMakeFiles/slc.dir/base/c69d9f639ce9d356b71703bfa724d8a2/simplicity_sdk_2025.12.2/platform_core/platform/peripheral/src/sl_hal_sysrtc_subsystem.c.obj
                0x08002910                sl_hal_sysrtc_init_group
 .text.sl_hfxo_manager_init
                0x08002954       0x5c CMakeFiles/slc.dir/base/c69d9f639ce9d356b71703bfa724d8a2/simplicity_sdk_2025.12.2/platform_core/platform/service/hfxo_manager/src/sl_hfxo_manager.c.obj
                0x08002954                sl_hfxo_manager_init
 .text.sli_hfxo_manager_begin_startup_measurement
                0x080029b0       0x1c CMakeFiles/slc.dir/base/c69d9f639ce9d356b71703bfa724d8a2/simplicity_sdk_2025.12.2/platform_core/platform/service/hfxo_manager/src/sl_hfxo_manager.c.obj
                0x080029b0                sli_hfxo_manager_begin_startup_measurement
 .text.sli_hfxo_manager_retrieve_begining_startup_measurement
                0x080029cc       0x2c CMakeFiles/slc.dir/base/c69d9f639ce9d356b71703bfa724d8a2/simplicity_sdk_2025.12.2/platform_core/platform/service/hfxo_manager/src/sl_hfxo_manager.c.obj
                0x080029cc                sli_hfxo_manager_retrieve_begining_startup_measurement
 .text.sli_hfxo_manager_end_startup_measurement
                0x080029f8       0xb0 CMakeFiles/slc.dir/base/c69d9f639ce9d356b71703bfa724d8a2/simplicity_sdk_2025.12.2/platform_core/platform/service/hfxo_manager/src/sl_hfxo_manager.c.obj
                0x080029f8                sli_hfxo_manager_end_startup_measurement
 .text.sli_hfxo_manager_get_startup_time
                0x08002aa8        0xc CMakeFiles/slc.dir/base/c69d9f639ce9d356b71703bfa724d8a2/simplicity_sdk_2025.12.2/platform_core/platform/service/hfxo_manager/src/sl_hfxo_manager.c.obj
                0x08002aa8                sli_hfxo_manager_get_startup_time
 .text.sli_hfxo_manager_init_hardware
                0x08002ab4       0x54 CMakeFiles/slc.dir/base/c0330241cdea879fb6fe158a63e7e8e2/platform_core/platform/service/hfxo_manager/src/sl_hfxo_manager_hal_s2.c.obj
                0x08002ab4                sli_hfxo_manager_init_hardware
 .text.sli_hfxo_manager_is_hfxo_ready
                0x08002b08       0x24 CMakeFiles/slc.dir/base/c0330241cdea879fb6fe158a63e7e8e2/platform_core/platform/service/hfxo_manager/src/sl_hfxo_manager_hal_s2.c.obj
                0x08002b08                sli_hfxo_manager_is_hfxo_ready
 .text.sl_hfxo_manager_irq_handler
                0x08002b2c       0x64 CMakeFiles/slc.dir/base/c0330241cdea879fb6fe158a63e7e8e2/platform_core/platform/service/hfxo_manager/src/sl_hfxo_manager_hal_s2.c.obj
                0x08002b2c                sl_hfxo_manager_irq_handler
 .text.sl_interrupt_manager_disable_irq
                0x08002b90       0x3c CMakeFiles/slc.dir/base/c0330241cdea879fb6fe158a63e7e8e2/platform_core/platform/service/interrupt_manager/src/sl_interrupt_manager_cortexm.c.obj
                0x08002b90                sl_interrupt_manager_disable_irq
 .text.sl_interrupt_manager_enable_irq
                0x08002bcc       0x34 CMakeFiles/slc.dir/base/c0330241cdea879fb6fe158a63e7e8e2/platform_core/platform/service/interrupt_manager/src/sl_interrupt_manager_cortexm.c.obj
                0x08002bcc                sl_interrupt_manager_enable_irq
 .text.sl_interrupt_manager_is_irq_disabled
                0x08002c00       0x30 CMakeFiles/slc.dir/base/c0330241cdea879fb6fe158a63e7e8e2/platform_core/platform/service/interrupt_manager/src/sl_interrupt_manager_cortexm.c.obj
                0x08002c00                sl_interrupt_manager_is_irq_disabled
 .text.sl_interrupt_manager_clear_irq_pending
                0x08002c30       0x1c CMakeFiles/slc.dir/base/c0330241cdea879fb6fe158a63e7e8e2/platform_core/platform/service/interrupt_manager/src/sl_interrupt_manager_cortexm.c.obj
                0x08002c30                sl_interrupt_manager_clear_irq_pending
 .text.sl_interrupt_manager_set_irq_priority
                0x08002c4c       0x54 CMakeFiles/slc.dir/base/c0330241cdea879fb6fe158a63e7e8e2/platform_core/platform/service/interrupt_manager/src/sl_interrupt_manager_cortexm.c.obj
                0x08002c4c                sl_interrupt_manager_set_irq_priority
 .text.sl_iostream_set_default
                0x08002ca0       0x18 CMakeFiles/slc.dir/base/1432d913ed7a5285c6148b5a778d1d13/Question-2/simplicity_sdk_2025.12.2/platform_core/platform/service/iostream/src/sl_iostream.c.obj
                0x08002ca0                sl_iostream_set_default
 .text.sl_iostream_get_default
                0x08002cb8       0x18 CMakeFiles/slc.dir/base/1432d913ed7a5285c6148b5a778d1d13/Question-2/simplicity_sdk_2025.12.2/platform_core/platform/service/iostream/src/sl_iostream.c.obj
                0x08002cb8                sl_iostream_get_default
 .text.eusart_deinit
                0x08002cd0       0xa0 CMakeFiles/slc.dir/base/c69d9f639ce9d356b71703bfa724d8a2/simplicity_sdk_2025.12.2/platform_core/platform/service/iostream/src/sl_iostream_eusart.c.obj
 .text.on_power_manager_event
                0x08002d70       0x5c CMakeFiles/slc.dir/base/c69d9f639ce9d356b71703bfa724d8a2/simplicity_sdk_2025.12.2/platform_core/platform/service/iostream/src/sl_iostream_eusart.c.obj
 .text.sl_iostream_eusart_init
                0x08002dcc      0x274 CMakeFiles/slc.dir/base/c69d9f639ce9d356b71703bfa724d8a2/simplicity_sdk_2025.12.2/platform_core/platform/service/iostream/src/sl_iostream_eusart.c.obj
                0x08002dcc                sl_iostream_eusart_init
 .text.sl_iostream_eusart_irq_handler
                0x08003040       0x30 CMakeFiles/slc.dir/base/c69d9f639ce9d356b71703bfa724d8a2/simplicity_sdk_2025.12.2/platform_core/platform/service/iostream/src/sl_iostream_eusart.c.obj
                0x08003040                sl_iostream_eusart_irq_handler
 .text._write   0x08003070       0x20 CMakeFiles/slc.dir/base/c0330241cdea879fb6fe158a63e7e8e2/platform_core/platform/service/iostream/src/sl_iostream_retarget_stdio.c.obj
                0x08003070                _write
 .text.sl_iostream_stdlib_disable_buffering
                0x08003090       0x14 CMakeFiles/slc.dir/base/c69d9f639ce9d356b71703bfa724d8a2/simplicity_sdk_2025.12.2/platform_core/platform/service/iostream/src/sl_iostream_stdlib_config.c.obj
                0x08003090                sl_iostream_stdlib_disable_buffering
 .text.__rx_buffer_empty
                0x080030a4       0x34 CMakeFiles/slc.dir/base/c69d9f639ce9d356b71703bfa724d8a2/simplicity_sdk_2025.12.2/platform_core/platform/service/iostream/src/sl_iostream_uart.c.obj
 .text.__rx_buffer_full
                0x080030d8       0x4c CMakeFiles/slc.dir/base/c69d9f639ce9d356b71703bfa724d8a2/simplicity_sdk_2025.12.2/platform_core/platform/service/iostream/src/sl_iostream_uart.c.obj
 .text.sleep_on_isr_exit
                0x08003124       0x70 CMakeFiles/slc.dir/base/c69d9f639ce9d356b71703bfa724d8a2/simplicity_sdk_2025.12.2/platform_core/platform/service/iostream/src/sl_iostream_uart.c.obj
 .text.__get_write_ptr
                0x08003194       0x48 CMakeFiles/slc.dir/base/c69d9f639ce9d356b71703bfa724d8a2/simplicity_sdk_2025.12.2/platform_core/platform/service/iostream/src/sl_iostream_uart.c.obj
 .text.__uart_async_start_write
                0x080031dc       0x74 CMakeFiles/slc.dir/base/c69d9f639ce9d356b71703bfa724d8a2/simplicity_sdk_2025.12.2/platform_core/platform/service/iostream/src/sl_iostream_uart.c.obj
 .text.set_new_data_detect
                0x08003250      0x174 CMakeFiles/slc.dir/base/c69d9f639ce9d356b71703bfa724d8a2/simplicity_sdk_2025.12.2/platform_core/platform/service/iostream/src/sl_iostream_uart.c.obj
 .text.__uart_async_tx_dma_callback
                0x080033c4       0x40 CMakeFiles/slc.dir/base/c69d9f639ce9d356b71703bfa724d8a2/simplicity_sdk_2025.12.2/platform_core/platform/service/iostream/src/sl_iostream_uart.c.obj
 .text.rx_buffer_empty
                0x08003404       0x38 CMakeFiles/slc.dir/base/c69d9f639ce9d356b71703bfa724d8a2/simplicity_sdk_2025.12.2/platform_core/platform/service/iostream/src/sl_iostream_uart.c.obj
 .text.uart_read
                0x0800343c      0x2b8 CMakeFiles/slc.dir/base/c69d9f639ce9d356b71703bfa724d8a2/simplicity_sdk_2025.12.2/platform_core/platform/service/iostream/src/sl_iostream_uart.c.obj
 .text.uart_write
                0x080036f4      0x164 CMakeFiles/slc.dir/base/c69d9f639ce9d356b71703bfa724d8a2/simplicity_sdk_2025.12.2/platform_core/platform/service/iostream/src/sl_iostream_uart.c.obj
 .text.sli_iostream_uart_context_init
                0x08003858      0x198 CMakeFiles/slc.dir/base/c69d9f639ce9d356b71703bfa724d8a2/simplicity_sdk_2025.12.2/platform_core/platform/service/iostream/src/sl_iostream_uart.c.obj
                0x08003858                sli_iostream_uart_context_init
 .text.uart_deinit
                0x080039f0       0xb0 CMakeFiles/slc.dir/base/c69d9f639ce9d356b71703bfa724d8a2/simplicity_sdk_2025.12.2/platform_core/platform/service/iostream/src/sl_iostream_uart.c.obj
 .text.sl_iostream_uart_wakeup
                0x08003aa0       0x84 CMakeFiles/slc.dir/base/c69d9f639ce9d356b71703bfa724d8a2/simplicity_sdk_2025.12.2/platform_core/platform/service/iostream/src/sl_iostream_uart.c.obj
                0x08003aa0                sl_iostream_uart_wakeup
 .text.sli_uart_txc
                0x08003b24       0x58 CMakeFiles/slc.dir/base/c69d9f639ce9d356b71703bfa724d8a2/simplicity_sdk_2025.12.2/platform_core/platform/service/iostream/src/sl_iostream_uart.c.obj
                0x08003b24                sli_uart_txc
 .text._sbrk    0x08003b7c       0x20 CMakeFiles/slc.dir/base/c0330241cdea879fb6fe158a63e7e8e2/platform_core/platform/service/memory_manager/src/sl_memory_manager_region.c.obj
                0x08003b7c                _sbrk
 .text.sl_power_manager_subscribe_em_transition_event
                0x08003b9c       0x24 CMakeFiles/slc.dir/base/c0330241cdea879fb6fe158a63e7e8e2/platform_core/platform/service/power_manager/src/common/sl_power_manager_common.c.obj
                0x08003b9c                sl_power_manager_subscribe_em_transition_event
 .text.sl_power_manager_unsubscribe_em_transition_event
                0x08003bc0       0x20 CMakeFiles/slc.dir/base/c0330241cdea879fb6fe158a63e7e8e2/platform_core/platform/service/power_manager/src/common/sl_power_manager_common.c.obj
                0x08003bc0                sl_power_manager_unsubscribe_em_transition_event
 .text.sli_hfxo_manager_notify_ready_for_power_manager
                0x08003be0       0x3c CMakeFiles/slc.dir/base/c0330241cdea879fb6fe158a63e7e8e2/platform_core/platform/service/power_manager/src/sleep_loop/sl_power_manager.c.obj
                0x08003be0                sli_hfxo_manager_notify_ready_for_power_manager
 .text.sli_hfxo_notify_ready_for_power_manager_from_prs
                0x08003c1c       0x18 CMakeFiles/slc.dir/base/c0330241cdea879fb6fe158a63e7e8e2/platform_core/platform/service/power_manager/src/sleep_loop/sl_power_manager.c.obj
                0x08003c1c                sli_hfxo_notify_ready_for_power_manager_from_prs
 .text.sl_sleeptimer_init
                0x08003c34       0x74 CMakeFiles/slc.dir/base/c69d9f639ce9d356b71703bfa724d8a2/simplicity_sdk_2025.12.2/platform_core/platform/service/sleeptimer/src/sl_sleeptimer.c.obj
                0x08003c34                sl_sleeptimer_init
 .text.sleeptimer_hal_init_timer
                0x08003ca8       0x6c CMakeFiles/slc.dir/base/c0330241cdea879fb6fe158a63e7e8e2/platform_core/platform/service/sleeptimer/src/sl_sleeptimer_hal_sysrtc.c.obj
                0x08003ca8                sleeptimer_hal_init_timer
 .text.sli_sleeptimer_hal_hfxo_manager_integration_init
                0x08003d14       0x30 CMakeFiles/slc.dir/base/c0330241cdea879fb6fe158a63e7e8e2/platform_core/platform/service/sleeptimer/src/sl_sleeptimer_hal_sysrtc.c.obj
                0x08003d14                sli_sleeptimer_hal_hfxo_manager_integration_init
 .text.sl_udelay_wait
                0x08003d44       0x58 CMakeFiles/slc.dir/base/1432d913ed7a5285c6148b5a778d1d13/Question-2/simplicity_sdk_2025.12.2/platform_core/platform/service/udelay/src/sl_udelay.c.obj
                0x08003d44                sl_udelay_wait
 .text.sl_iostream_set_console_instance
                0x08003d9c       0x24 CMakeFiles/slc.dir/base/C_/Users/leo-computador/SimplicityStudio/v6_workspace/Question-2/autogen/sl_iostream_handles.c.obj
                0x08003d9c                sl_iostream_set_console_instance
 .text.sl_iostream_eusart_init_vcom
                0x08003dc0       0xc4 CMakeFiles/slc.dir/base/C_/Users/leo-computador/SimplicityStudio/v6_workspace/Question-2/autogen/sl_iostream_init_eusart_instances.c.obj
                0x08003dc0                sl_iostream_eusart_init_vcom
 .text.events_handler
                0x08003e84       0x24 CMakeFiles/slc.dir/base/C_/Users/leo-computador/SimplicityStudio/v6_workspace/Question-2/autogen/sl_iostream_init_eusart_instances.c.obj
 .text.sl_iostream_eusart_init_instances
                0x08003ea8       0x1c CMakeFiles/slc.dir/base/C_/Users/leo-computador/SimplicityStudio/v6_workspace/Question-2/autogen/sl_iostream_init_eusart_instances.c.obj
                0x08003ea8                sl_iostream_eusart_init_instances
 .text.EUSART0_RX_IRQHandler
                0x08003ec4        0xc CMakeFiles/slc.dir/base/C_/Users/leo-computador/SimplicityStudio/v6_workspace/Question-2/autogen/sl_iostream_init_eusart_instances.c.obj
                0x08003ec4                EUSART0_RX_IRQHandler
 .text.set_led_state.constprop.0
                0x08003ed0       0x10 CMakeFiles/slc.dir/base/C_/Users/leo-computador/SimplicityStudio/v6_workspace/Question-2/button_fsm.c.obj
 .text.set_led_state.part.0
                0x08003ee0       0x10 CMakeFiles/slc.dir/base/C_/Users/leo-computador/SimplicityStudio/v6_workspace/Question-2/button_fsm.c.obj
 .text.button_fsm_update
                0x08003ef0      0x12c CMakeFiles/slc.dir/base/C_/Users/leo-computador/SimplicityStudio/v6_workspace/Question-2/button_fsm.c.obj
                0x08003ef0                button_fsm_update
 .text.startup.main
                0x0800401c       0x88 CMakeFiles/slc.dir/base/C_/Users/leo-computador/SimplicityStudio/v6_workspace/Question-2/main.c.obj
                0x0800401c                main
 .text          0x080040a4       0x30 c:/users/leo-computador/.silabs/slt/installs/conan/p/gcc-ab83b3403fdca6/p/bin/../lib/gcc/arm-none-eabi/12.2.1/thumb/v8-m.main+fp/hard\libgcc.a(_aeabi_uldivmod.o)
                0x080040a4                __aeabi_uldivmod
 .text.__udivmoddi4
                0x080040d4      0x2ec c:/users/leo-computador/.silabs/slt/installs/conan/p/gcc-ab83b3403fdca6/p/bin/../lib/gcc/arm-none-eabi/12.2.1/thumb/v8-m.main+fp/hard\libgcc.a(_udivmoddi4.o)
                0x080040d4                __udivmoddi4
 .text          0x080043c0        0x4 c:/users/leo-computador/.silabs/slt/installs/conan/p/gcc-ab83b3403fdca6/p/bin/../lib/gcc/arm-none-eabi/12.2.1/thumb/v8-m.main+fp/hard\libgcc.a(_dvmd_tls.o)
                0x080043c0                __aeabi_idiv0
                0x080043c0                __aeabi_ldiv0
 .text.exit     0x080043c4       0x24 c:/users/leo-computador/.silabs/slt/installs/conan/p/gcc-ab83b3403fdca6/p/bin/../lib/gcc/arm-none-eabi/12.2.1/thumb/v8-m.main+fp/hard\libc_nano.a(libc_a-exit.o)
                0x080043c4                exit
 .text.std      0x080043e8       0x6c c:/users/leo-computador/.silabs/slt/installs/conan/p/gcc-ab83b3403fdca6/p/bin/../lib/gcc/arm-none-eabi/12.2.1/thumb/v8-m.main+fp/hard\libc_nano.a(libc_a-findfp.o)
 .text.stdio_exit_handler
                0x08004454       0x18 c:/users/leo-computador/.silabs/slt/installs/conan/p/gcc-ab83b3403fdca6/p/bin/../lib/gcc/arm-none-eabi/12.2.1/thumb/v8-m.main+fp/hard\libc_nano.a(libc_a-findfp.o)
 .text.cleanup_stdio
                0x0800446c       0x40 c:/users/leo-computador/.silabs/slt/installs/conan/p/gcc-ab83b3403fdca6/p/bin/../lib/gcc/arm-none-eabi/12.2.1/thumb/v8-m.main+fp/hard\libc_nano.a(libc_a-findfp.o)
 .text.global_stdio_init.part.0
                0x080044ac       0x3c c:/users/leo-computador/.silabs/slt/installs/conan/p/gcc-ab83b3403fdca6/p/bin/../lib/gcc/arm-none-eabi/12.2.1/thumb/v8-m.main+fp/hard\libc_nano.a(libc_a-findfp.o)
 .text.__sfp_lock_acquire
                0x080044e8        0xc c:/users/leo-computador/.silabs/slt/installs/conan/p/gcc-ab83b3403fdca6/p/bin/../lib/gcc/arm-none-eabi/12.2.1/thumb/v8-m.main+fp/hard\libc_nano.a(libc_a-findfp.o)
                0x080044e8                __sfp_lock_acquire
 .text.__sfp_lock_release
                0x080044f4        0xc c:/users/leo-computador/.silabs/slt/installs/conan/p/gcc-ab83b3403fdca6/p/bin/../lib/gcc/arm-none-eabi/12.2.1/thumb/v8-m.main+fp/hard\libc_nano.a(libc_a-findfp.o)
                0x080044f4                __sfp_lock_release
 .text.__sinit  0x08004500       0x30 c:/users/leo-computador/.silabs/slt/installs/conan/p/gcc-ab83b3403fdca6/p/bin/../lib/gcc/arm-none-eabi/12.2.1/thumb/v8-m.main+fp/hard\libc_nano.a(libc_a-findfp.o)
                0x08004500                __sinit
 .text.setvbuf  0x08004530      0x168 c:/users/leo-computador/.silabs/slt/installs/conan/p/gcc-ab83b3403fdca6/p/bin/../lib/gcc/arm-none-eabi/12.2.1/thumb/v8-m.main+fp/hard\libc_nano.a(libc_a-setvbuf.o)
                0x08004530                setvbuf
 .text.vprintf  0x08004698       0x14 c:/users/leo-computador/.silabs/slt/installs/conan/p/gcc-ab83b3403fdca6/p/bin/../lib/gcc/arm-none-eabi/12.2.1/thumb/v8-m.main+fp/hard\libc_nano.a(libc_a-vprintf.o)
                0x08004698                viprintf
                0x08004698                vprintf
 .text._close_r
                0x080046ac       0x20 c:/users/leo-computador/.silabs/slt/installs/conan/p/gcc-ab83b3403fdca6/p/bin/../lib/gcc/arm-none-eabi/12.2.1/thumb/v8-m.main+fp/hard\libc_nano.a(libc_a-closer.o)
                0x080046ac                _close_r
 .text._lseek_r
                0x080046cc       0x24 c:/users/leo-computador/.silabs/slt/installs/conan/p/gcc-ab83b3403fdca6/p/bin/../lib/gcc/arm-none-eabi/12.2.1/thumb/v8-m.main+fp/hard\libc_nano.a(libc_a-lseekr.o)
                0x080046cc                _lseek_r
 .text._read_r  0x080046f0       0x24 c:/users/leo-computador/.silabs/slt/installs/conan/p/gcc-ab83b3403fdca6/p/bin/../lib/gcc/arm-none-eabi/12.2.1/thumb/v8-m.main+fp/hard\libc_nano.a(libc_a-readr.o)
                0x080046f0                _read_r
 .text._write_r
                0x08004714       0x24 c:/users/leo-computador/.silabs/slt/installs/conan/p/gcc-ab83b3403fdca6/p/bin/../lib/gcc/arm-none-eabi/12.2.1/thumb/v8-m.main+fp/hard\libc_nano.a(libc_a-writer.o)
                0x08004714                _write_r
 .text.__libc_init_array
                0x08004738       0x48 c:/users/leo-computador/.silabs/slt/installs/conan/p/gcc-ab83b3403fdca6/p/bin/../lib/gcc/arm-none-eabi/12.2.1/thumb/v8-m.main+fp/hard\libc_nano.a(libc_a-init.o)
                0x08004738                __libc_init_array
 .text._free_r  0x08004780       0x94 c:/users/leo-computador/.silabs/slt/installs/conan/p/gcc-ab83b3403fdca6/p/bin/../lib/gcc/arm-none-eabi/12.2.1/thumb/v8-m.main+fp/hard\libc_nano.a(libc_a-freer.o)
                0x08004780                _free_r
 .text.malloc   0x08004814       0x10 c:/users/leo-computador/.silabs/slt/installs/conan/p/gcc-ab83b3403fdca6/p/bin/../lib/gcc/arm-none-eabi/12.2.1/thumb/v8-m.main+fp/hard\libc_nano.a(libc_a-malloc.o)
                0x08004814                malloc
 .text.sbrk_aligned
                0x08004824       0x44 c:/users/leo-computador/.silabs/slt/installs/conan/p/gcc-ab83b3403fdca6/p/bin/../lib/gcc/arm-none-eabi/12.2.1/thumb/v8-m.main+fp/hard\libc_nano.a(libc_a-mallocr.o)
 .text._malloc_r
                0x08004868       0xf0 c:/users/leo-computador/.silabs/slt/installs/conan/p/gcc-ab83b3403fdca6/p/bin/../lib/gcc/arm-none-eabi/12.2.1/thumb/v8-m.main+fp/hard\libc_nano.a(libc_a-mallocr.o)
                0x08004868                _malloc_r
 .text.__malloc_lock
                0x08004958        0xc c:/users/leo-computador/.silabs/slt/installs/conan/p/gcc-ab83b3403fdca6/p/bin/../lib/gcc/arm-none-eabi/12.2.1/thumb/v8-m.main+fp/hard\libc_nano.a(libc_a-mlock.o)
                0x08004958                __malloc_lock
 .text.__malloc_unlock
                0x08004964        0xc c:/users/leo-computador/.silabs/slt/installs/conan/p/gcc-ab83b3403fdca6/p/bin/../lib/gcc/arm-none-eabi/12.2.1/thumb/v8-m.main+fp/hard\libc_nano.a(libc_a-mlock.o)
                0x08004964                __malloc_unlock
 .text._vfprintf_r
                0x08004970      0x230 c:/users/leo-computador/.silabs/slt/installs/conan/p/gcc-ab83b3403fdca6/p/bin/../lib/gcc/arm-none-eabi/12.2.1/thumb/v8-m.main+fp/hard\libc_nano.a(libc_a-nano-vfprintf.o)
                0x08004970                _vfprintf_r
                0x08004970                _vfiprintf_r
 .text._printf_i
                0x08004ba0      0x258 c:/users/leo-computador/.silabs/slt/installs/conan/p/gcc-ab83b3403fdca6/p/bin/../lib/gcc/arm-none-eabi/12.2.1/thumb/v8-m.main+fp/hard\libc_nano.a(libc_a-nano-vfprintf_i.o)
                0x08004ba0                _printf_i
 .text.__swsetup_r
                0x08004df8       0xac c:/users/leo-computador/.silabs/slt/installs/conan/p/gcc-ab83b3403fdca6/p/bin/../lib/gcc/arm-none-eabi/12.2.1/thumb/v8-m.main+fp/hard\libc_nano.a(libc_a-wsetup.o)
                0x08004df8                __swsetup_r
 .text._fstat_r
                0x08004ea4       0x24 c:/users/leo-computador/.silabs/slt/installs/conan/p/gcc-ab83b3403fdca6/p/bin/../lib/gcc/arm-none-eabi/12.2.1/thumb/v8-m.main+fp/hard\libc_nano.a(libc_a-fstatr.o)
                0x08004ea4                _fstat_r
 .text._isatty_r
                0x08004ec8       0x20 c:/users/leo-computador/.silabs/slt/installs/conan/p/gcc-ab83b3403fdca6/p/bin/../lib/gcc/arm-none-eabi/12.2.1/thumb/v8-m.main+fp/hard\libc_nano.a(libc_a-isattyr.o)
                0x08004ec8                _isatty_r
 .text._sbrk_r  0x08004ee8       0x20 c:/users/leo-computador/.silabs/slt/installs/conan/p/gcc-ab83b3403fdca6/p/bin/../lib/gcc/arm-none-eabi/12.2.1/thumb/v8-m.main+fp/hard\libc_nano.a(libc_a-sbrkr.o)
                0x08004ee8                _sbrk_r
 .text.sl_board_configure_vcom
                0x08004f08        0x4 CMakeFiles/slc.dir/base/1432d913ed7a5285c6148b5a778d1d13/Question-2/simplicity_sdk_2025.12.2/boards/hardware/board/src/sl_board_control_gpio.c.obj
                0x08004f08                sl_board_configure_vcom
 .text.Default_Handler
                0x08004f0c        0x2 CMakeFiles/slc.dir/base/c0330241cdea879fb6fe158a63e7e8e2/devices/platform/Device/SiliconLabs/EFR32MG24/Source/startup_efr32mg24.c.obj
                0x08004f0c                ULFRCO_IRQHandler
                0x08004f0c                AHB2AHB1_IRQHandler
                0x08004f0c                SW2_IRQHandler
                0x08004f0c                TIMER2_IRQHandler
                0x08004f0c                DebugMon_Handler
                0x08004f0c                USART0_TX_IRQHandler
                0x08004f0c                IADC_IRQHandler
                0x08004f0c                I2C0_IRQHandler
                0x08004f0c                LFXO_IRQHandler
                0x08004f0c                HardFault_Handler
                0x08004f0c                SMU_SECURE_IRQHandler
                0x08004f0c                SysTick_Handler
                0x08004f0c                SYSRTC_SEQ_IRQHandler
                0x08004f0c                EMUEFP_IRQHandler
                0x08004f0c                PendSV_Handler
                0x08004f0c                NMI_Handler
                0x08004f0c                SYNTH_IRQHandler
                0x08004f0c                HOSTMAILBOX_IRQHandler
                0x08004f0c                I2C1_IRQHandler
                0x08004f0c                WDOG0_IRQHandler
                0x08004f0c                TIMER3_IRQHandler
                0x08004f0c                SYSCFG_IRQHandler
                0x08004f0c                RFECA1_IRQHandler
                0x08004f0c                EMUDG_IRQHandler
                0x08004f0c                MSC_IRQHandler
                0x08004f0c                DPLL0_IRQHandler
                0x08004f0c                UsageFault_Handler
                0x08004f0c                WDOG1_IRQHandler
                0x08004f0c                M33CTI1_IRQHandler
                0x08004f0c                TIMER4_IRQHandler
                0x08004f0c                VDAC0_IRQHandler
                0x08004f0c                SEMBTX_IRQHandler
                0x08004f0c                SW0_IRQHandler
                0x08004f0c                TIMER0_IRQHandler
                0x08004f0c                MVP_IRQHandler
                0x08004f0c                LETIMER0_IRQHandler
                0x08004f0c                EUSART1_RX_IRQHandler
                0x08004f0c                TIMER1_IRQHandler
                0x08004f0c                HFRCO0_IRQHandler
                0x08004f0c                SecureFault_Handler
                0x08004f0c                BUFC_IRQHandler
                0x08004f0c                DCDC_IRQHandler
                0x08004f0c                MODEM_IRQHandler
                0x08004f0c                Default_Handler
                0x08004f0c                RAC_SEQ_IRQHandler
                0x08004f0c                FRC_PRI_IRQHandler
                0x08004f0c                EMU_IRQHandler
                0x08004f0c                SW3_IRQHandler
                0x08004f0c                KERNEL0_IRQHandler
                0x08004f0c                FRC_IRQHandler
                0x08004f0c                PCNT0_IRQHandler
                0x08004f0c                KERNEL1_IRQHandler
                0x08004f0c                AGC_IRQHandler
                0x08004f0c                EUSART1_TX_IRQHandler
                0x08004f0c                KEYSCAN_IRQHandler
                0x08004f0c                sl_app_properties
                0x08004f0c                HFRCOEM23_IRQHandler
                0x08004f0c                BURTC_IRQHandler
                0x08004f0c                SEMBRX_IRQHandler
                0x08004f0c                RFECA0_IRQHandler
                0x08004f0c                LFRCO_IRQHandler
                0x08004f0c                VDAC1_IRQHandler
                0x08004f0c                ACMP0_IRQHandler
                0x08004f0c                USART0_RX_IRQHandler
                0x08004f0c                MemManage_Handler
                0x08004f0c                AHB2AHB0_IRQHandler
                0x08004f0c                SVC_Handler
                0x08004f0c                SMU_S_PRIVILEGED_IRQHandler
                0x08004f0c                SW1_IRQHandler
                0x08004f0c                CMU_IRQHandler
                0x08004f0c                RAC_RSM_IRQHandler
                0x08004f0c                SETAMPERHOST_IRQHandler
                0x08004f0c                AES_IRQHandler
                0x08004f0c                M33CTI0_IRQHandler
                0x08004f0c                ICACHE0_IRQHandler
                0x08004f0c                SMU_NS_PRIVILEGED_IRQHandler
                0x08004f0c                FPUEXH_IRQHandler
                0x08004f0c                PROTIMER_IRQHandler
                0x08004f0c                ACMP1_IRQHandler
                0x08004f0c                BusFault_Handler
                0x08004f0c                MPAHBRAM_IRQHandler
 .text.CopyMemory
                0x08004f0e       0x1a CMakeFiles/slc.dir/base/c0330241cdea879fb6fe158a63e7e8e2/devices/platform/Device/SiliconLabs/EFR32MG24/Source/startup_efr32mg24.c.obj
                0x08004f0e                CopyMemory
 .text.assertEFM
                0x08004f28        0x2 CMakeFiles/slc.dir/base/9a0a06fb4f7c4c9171add8fd6cdcb34b/v6_workspace/Question-2/simplicity_sdk_2025.12.2/platform_common/platform/common/src/sl_assert.c.obj
                0x08004f28                assertEFM
 .text.sl_slist_init
                0x08004f2a        0x6 CMakeFiles/slc.dir/base/9a0a06fb4f7c4c9171add8fd6cdcb34b/v6_workspace/Question-2/simplicity_sdk_2025.12.2/platform_common/platform/common/src/sl_slist.c.obj
                0x08004f2a                sl_slist_init
 .text._app_log_time
                0x08004f30        0x2 CMakeFiles/slc.dir/base/1432d913ed7a5285c6148b5a778d1d13/Question-2/simplicity_sdk_2025.12.2/platform_common_apps/app/common/util/app_log/app_log.c.obj
                0x08004f30                _app_log_time
 .text._app_log_counter
                0x08004f32        0x2 CMakeFiles/slc.dir/base/1432d913ed7a5285c6148b5a778d1d13/Question-2/simplicity_sdk_2025.12.2/platform_common_apps/app/common/util/app_log/app_log.c.obj
                0x08004f32                _app_log_counter
 .text.sli_cos_swo_itm_8_write.constprop.0.isra.0
                0x08004f34       0x78 CMakeFiles/slc.dir/base/c69d9f639ce9d356b71703bfa724d8a2/simplicity_sdk_2025.12.2/platform_core/hardware/driver/configuration_over_swo/src/sl_cos.c.obj
 .text.sl_cos_send_config
                0x08004fac       0x12 CMakeFiles/slc.dir/base/c69d9f639ce9d356b71703bfa724d8a2/simplicity_sdk_2025.12.2/platform_core/hardware/driver/configuration_over_swo/src/sl_cos.c.obj
                0x08004fac                sl_cos_send_config
 .text.sl_cos_config_vcom
                0x08004fbe       0x1c CMakeFiles/slc.dir/base/c69d9f639ce9d356b71703bfa724d8a2/simplicity_sdk_2025.12.2/platform_core/hardware/driver/configuration_over_swo/src/sl_cos.c.obj
                0x08004fbe                sl_cos_config_vcom
 .text.sl_debug_swo_enable_itm
                0x08004fda       0x16 CMakeFiles/slc.dir/base/1432d913ed7a5285c6148b5a778d1d13/Question-2/simplicity_sdk_2025.12.2/platform_core/platform/driver/debug/src/sl_debug_swo.c.obj
                0x08004fda                sl_debug_swo_enable_itm
 .text.sl_debug_swo_disable_itm
                0x08004ff0       0x18 CMakeFiles/slc.dir/base/1432d913ed7a5285c6148b5a778d1d13/Question-2/simplicity_sdk_2025.12.2/platform_core/platform/driver/debug/src/sl_debug_swo.c.obj
                0x08004ff0                sl_debug_swo_disable_itm
 .text.DMADRV_PeripheralMemory
                0x08005008       0x34 CMakeFiles/slc.dir/base/1432d913ed7a5285c6148b5a778d1d13/Question-2/simplicity_sdk_2025.12.2/platform_core/platform/emdrv/dmadrv/src/dmadrv.c.obj
                0x08005008                DMADRV_PeripheralMemory
 .text.EMU_Restore
                0x0800503c        0x2 CMakeFiles/slc.dir/base/9a0a06fb4f7c4c9171add8fd6cdcb34b/v6_workspace/Question-2/simplicity_sdk_2025.12.2/platform_core/platform/emlib/src/em_emu.c.obj
                0x0800503c                EMU_Restore
 .text.eusart_sync
                0x0800503e        0x8 CMakeFiles/slc.dir/base/9a0a06fb4f7c4c9171add8fd6cdcb34b/v6_workspace/Question-2/simplicity_sdk_2025.12.2/platform_core/platform/emlib/src/em_eusart.c.obj
 .text.EUSART_Disable
                0x08005046       0x34 CMakeFiles/slc.dir/base/9a0a06fb4f7c4c9171add8fd6cdcb34b/v6_workspace/Question-2/simplicity_sdk_2025.12.2/platform_core/platform/emlib/src/em_eusart.c.obj
 .text.EUSART_Tx
                0x0800507a        0xa CMakeFiles/slc.dir/base/9a0a06fb4f7c4c9171add8fd6cdcb34b/v6_workspace/Question-2/simplicity_sdk_2025.12.2/platform_core/platform/emlib/src/em_eusart.c.obj
                0x0800507a                EUSART_Tx
 .text.BUS_RegMaskedWrite
                0x08005084       0x1e CMakeFiles/slc.dir/base/9a0a06fb4f7c4c9171add8fd6cdcb34b/v6_workspace/Question-2/simplicity_sdk_2025.12.2/platform_core/platform/emlib/src/em_gpio.c.obj
 .text.sl_hal_bus_reg_write_mask
                0x080050a2       0x1e CMakeFiles/slc.dir/base/1432d913ed7a5285c6148b5a778d1d13/Question-2/simplicity_sdk_2025.12.2/platform_core/platform/peripheral/src/sl_hal_gpio.c.obj
 .text.sl_clock_manager_runtime_init
                0x080050c0        0x4 CMakeFiles/slc.dir/base/c69d9f639ce9d356b71703bfa724d8a2/simplicity_sdk_2025.12.2/platform_core/platform/service/clock_manager/src/sl_clock_manager.c.obj
                0x080050c0                sl_clock_manager_runtime_init
 .text.sli_clock_manager_hal_runtime_init
                0x080050c4        0x4 CMakeFiles/slc.dir/base/c0330241cdea879fb6fe158a63e7e8e2/platform_core/platform/service/clock_manager/src/sl_clock_manager_hal_s2.c.obj
                0x080050c4                sli_clock_manager_hal_runtime_init
 .text.sl_hfxo_manager_init_hardware
                0x080050c8        0x4 CMakeFiles/slc.dir/base/c69d9f639ce9d356b71703bfa724d8a2/simplicity_sdk_2025.12.2/platform_core/platform/service/hfxo_manager/src/sl_hfxo_manager.c.obj
                0x080050c8                sl_hfxo_manager_init_hardware
 .text.HFXO0_IRQHandler
                0x080050cc        0x4 CMakeFiles/slc.dir/base/c0330241cdea879fb6fe158a63e7e8e2/platform_core/platform/service/hfxo_manager/src/sl_hfxo_manager_hal_s2.c.obj
                0x080050cc                HFXO0_IRQHandler
 .text.sl_iostream_write
                0x080050d0       0x22 CMakeFiles/slc.dir/base/1432d913ed7a5285c6148b5a778d1d13/Question-2/simplicity_sdk_2025.12.2/platform_core/platform/service/iostream/src/sl_iostream.c.obj
                0x080050d0                sl_iostream_write
 .text.sl_iostream_read
                0x080050f2       0x30 CMakeFiles/slc.dir/base/1432d913ed7a5285c6148b5a778d1d13/Question-2/simplicity_sdk_2025.12.2/platform_core/platform/service/iostream/src/sl_iostream.c.obj
                0x080050f2                sl_iostream_read
 .text.sl_iostream_vprintf
                0x08005122       0x44 CMakeFiles/slc.dir/base/1432d913ed7a5285c6148b5a778d1d13/Question-2/simplicity_sdk_2025.12.2/platform_core/platform/service/iostream/src/sl_iostream.c.obj
                0x08005122                sl_iostream_vprintf
 .text.sl_iostream_printf
                0x08005166       0x1a CMakeFiles/slc.dir/base/1432d913ed7a5285c6148b5a778d1d13/Question-2/simplicity_sdk_2025.12.2/platform_core/platform/service/iostream/src/sl_iostream.c.obj
                0x08005166                sl_iostream_printf
 .text.eusart_rx
                0x08005180       0x16 CMakeFiles/slc.dir/base/c69d9f639ce9d356b71703bfa724d8a2/simplicity_sdk_2025.12.2/platform_core/platform/service/iostream/src/sl_iostream_eusart.c.obj
 .text.eusart_tx_completed
                0x08005196       0x1c CMakeFiles/slc.dir/base/c69d9f639ce9d356b71703bfa724d8a2/simplicity_sdk_2025.12.2/platform_core/platform/service/iostream/src/sl_iostream_eusart.c.obj
 .text.eusart_tx
                0x080051b2       0x10 CMakeFiles/slc.dir/base/c69d9f639ce9d356b71703bfa724d8a2/simplicity_sdk_2025.12.2/platform_core/platform/service/iostream/src/sl_iostream_eusart.c.obj
 .text._close   0x080051c2        0x4 CMakeFiles/slc.dir/base/c0330241cdea879fb6fe158a63e7e8e2/platform_core/platform/service/iostream/src/sl_iostream_retarget_stdio.c.obj
                0x080051c2                _close
 .text._exit    0x080051c6        0x2 CMakeFiles/slc.dir/base/c0330241cdea879fb6fe158a63e7e8e2/platform_core/platform/service/iostream/src/sl_iostream_retarget_stdio.c.obj
                0x080051c6                _exit
 .text._fstat   0x080051c8        0xa CMakeFiles/slc.dir/base/c0330241cdea879fb6fe158a63e7e8e2/platform_core/platform/service/iostream/src/sl_iostream_retarget_stdio.c.obj
                0x080051c8                _fstat
 .text._isatty  0x080051d2        0x4 CMakeFiles/slc.dir/base/c0330241cdea879fb6fe158a63e7e8e2/platform_core/platform/service/iostream/src/sl_iostream_retarget_stdio.c.obj
                0x080051d2                _isatty
 .text._lseek   0x080051d6        0x4 CMakeFiles/slc.dir/base/c0330241cdea879fb6fe158a63e7e8e2/platform_core/platform/service/iostream/src/sl_iostream_retarget_stdio.c.obj
                0x080051d6                _lseek
 .text._read    0x080051da       0x1c CMakeFiles/slc.dir/base/c0330241cdea879fb6fe158a63e7e8e2/platform_core/platform/service/iostream/src/sl_iostream_retarget_stdio.c.obj
                0x080051da                _read
 .text.set_auto_cr_lf
                0x080051f6        0x6 CMakeFiles/slc.dir/base/c69d9f639ce9d356b71703bfa724d8a2/simplicity_sdk_2025.12.2/platform_core/platform/service/iostream/src/sl_iostream_uart.c.obj
 .text.get_auto_cr_lf
                0x080051fc        0x6 CMakeFiles/slc.dir/base/c69d9f639ce9d356b71703bfa724d8a2/simplicity_sdk_2025.12.2/platform_core/platform/service/iostream/src/sl_iostream_uart.c.obj
 .text.get_rx_energy_mode_restriction
                0x08005202        0x6 CMakeFiles/slc.dir/base/c69d9f639ce9d356b71703bfa724d8a2/simplicity_sdk_2025.12.2/platform_core/platform/service/iostream/src/sl_iostream_uart.c.obj
 .text.__uart_async_rx_dma_callback
                0x08005208       0x70 CMakeFiles/slc.dir/base/c69d9f639ce9d356b71703bfa724d8a2/simplicity_sdk_2025.12.2/platform_core/platform/service/iostream/src/sl_iostream_uart.c.obj
 .text.uart_write_async
                0x08005278       0x46 CMakeFiles/slc.dir/base/c69d9f639ce9d356b71703bfa724d8a2/simplicity_sdk_2025.12.2/platform_core/platform/service/iostream/src/sl_iostream_uart.c.obj
 .text.set_rx_energy_mode_restriction
                0x080052be       0x5c CMakeFiles/slc.dir/base/c69d9f639ce9d356b71703bfa724d8a2/simplicity_sdk_2025.12.2/platform_core/platform/service/iostream/src/sl_iostream_uart.c.obj
 .text.sli_iostream_uart_unsubscribe_to_new_data
                0x0800531a       0x1c CMakeFiles/slc.dir/base/c69d9f639ce9d356b71703bfa724d8a2/simplicity_sdk_2025.12.2/platform_core/platform/service/iostream/src/sl_iostream_uart.c.obj
                0x0800531a                sli_iostream_uart_unsubscribe_to_new_data
 .text.sl_iostream_uart_prepare_for_sleep
                0x08005336        0x6 CMakeFiles/slc.dir/base/c69d9f639ce9d356b71703bfa724d8a2/simplicity_sdk_2025.12.2/platform_core/platform/service/iostream/src/sl_iostream_uart.c.obj
                0x08005336                sl_iostream_uart_prepare_for_sleep
 .text.sli_power_manager_initiate_restore
                0x0800533c       0x16 CMakeFiles/slc.dir/base/c0330241cdea879fb6fe158a63e7e8e2/platform_core/platform/service/power_manager/src/sleep_loop/sl_power_manager.c.obj
                0x0800533c                sli_power_manager_initiate_restore
 .text.sl_board_default_init
                0x08005352        0x2 CMakeFiles/slc.dir/base/C_/Users/leo-computador/SimplicityStudio/v6_workspace/Question-2/autogen/sl_board_default_init.c.obj
                0x08005352                sl_board_default_init
 .text.sl_platform_init
                0x08005354       0x16 CMakeFiles/slc.dir/base/C_/Users/leo-computador/SimplicityStudio/v6_workspace/Question-2/autogen/sl_event_handler.c.obj
                0x08005354                sl_platform_init
 .text.sl_driver_init
                0x0800536a       0x12 CMakeFiles/slc.dir/base/C_/Users/leo-computador/SimplicityStudio/v6_workspace/Question-2/autogen/sl_event_handler.c.obj
                0x0800536a                sl_driver_init
 .text.sl_service_init
                0x0800537c       0x1a CMakeFiles/slc.dir/base/C_/Users/leo-computador/SimplicityStudio/v6_workspace/Question-2/autogen/sl_event_handler.c.obj
                0x0800537c                sl_service_init
 .text.sl_internal_app_init
                0x08005396        0x4 CMakeFiles/slc.dir/base/C_/Users/leo-computador/SimplicityStudio/v6_workspace/Question-2/autogen/sl_event_handler.c.obj
                0x08005396                sl_internal_app_init
 .text.EUSART0_TX_IRQHandler
                0x0800539a        0x4 CMakeFiles/slc.dir/base/C_/Users/leo-computador/SimplicityStudio/v6_workspace/Question-2/autogen/sl_iostream_init_eusart_instances.c.obj